[2020-03-19T21:32:00.484+0800][0.025s] Heap region size: 1M
[2020-03-19T21:32:00.672+0800][0.213s] Using G1
[2020-03-19T21:32:00.672+0800][0.213s] Heap address: 0x00000000e0000000, size: 512 MB, Compressed Oops mode: 32-bit
[2020-03-19T21:32:01.439+0800][0.979s] GC(0) Pause Young (Normal) (G1 Evacuation Pause)
[2020-03-19T21:32:01.439+0800][0.980s] GC(0) Using 10 workers of 10 for evacuation
[2020-03-19T21:32:01.442+0800][0.982s] GC(0)   Pre Evacuate Collection Set: 0.0ms
[2020-03-19T21:32:01.442+0800][0.982s] GC(0)   Evacuate Collection Set: 2.2ms
[2020-03-19T21:32:01.442+0800][0.982s] GC(0)   Post Evacuate Collection Set: 0.3ms
[2020-03-19T21:32:01.442+0800][0.983s] GC(0)   Other: 0.5ms
[2020-03-19T21:32:01.442+0800][0.983s] GC(0) Eden regions: 30->0(303)
[2020-03-19T21:32:01.443+0800][0.984s] GC(0) Survivor regions: 0->4(4)
[2020-03-19T21:32:01.443+0800][0.984s] GC(0) Old regions: 0->0
[2020-03-19T21:32:01.443+0800][0.984s] GC(0) Humongous regions: 0->0
[2020-03-19T21:32:01.443+0800][0.984s] GC(0) Metaspace: 14847K->14847K(1062912K)
[2020-03-19T21:32:01.443+0800][0.984s] GC(0) Pause Young (Normal) (G1 Evacuation Pause) 30M->3M(512M) 4.439ms
[2020-03-19T21:32:01.443+0800][0.984s] GC(0) User=0.00s Sys=0.00s Real=0.00s
[2020-03-19T21:32:01.770+0800][1.311s] GC(1) Pause Young (Concurrent Start) (Metadata GC Threshold)
[2020-03-19T21:32:01.770+0800][1.311s] GC(1) Using 10 workers of 10 for evacuation
[2020-03-19T21:32:01.778+0800][1.318s] GC(1)   Pre Evacuate Collection Set: 0.0ms
[2020-03-19T21:32:01.778+0800][1.318s] GC(1)   Evacuate Collection Set: 7.2ms
[2020-03-19T21:32:01.778+0800][1.318s] GC(1)   Post Evacuate Collection Set: 0.4ms
[2020-03-19T21:32:01.778+0800][1.318s] GC(1)   Other: 0.2ms
[2020-03-19T21:32:01.778+0800][1.318s] GC(1) Eden regions: 21->0(83)
[2020-03-19T21:32:01.778+0800][1.318s] GC(1) Survivor regions: 4->12(39)
[2020-03-19T21:32:01.778+0800][1.319s] GC(1) Old regions: 0->0
[2020-03-19T21:32:01.778+0800][1.319s] GC(1) Humongous regions: 4->4
[2020-03-19T21:32:01.778+0800][1.319s] GC(1) Metaspace: 20722K->20722K(1069056K)
[2020-03-19T21:32:01.778+0800][1.319s] GC(1) Pause Young (Concurrent Start) (Metadata GC Threshold) 28M->15M(512M) 8.027ms
[2020-03-19T21:32:01.778+0800][1.319s] GC(1) User=0.00s Sys=0.00s Real=0.01s
[2020-03-19T21:32:01.778+0800][1.319s] GC(2) Concurrent Cycle
[2020-03-19T21:32:01.778+0800][1.319s] GC(2) Concurrent Clear Claimed Marks
[2020-03-19T21:32:01.778+0800][1.319s] GC(2) Concurrent Clear Claimed Marks 0.023ms
[2020-03-19T21:32:01.778+0800][1.319s] GC(2) Concurrent Scan Root Regions
[2020-03-19T21:32:01.780+0800][1.321s] GC(2) Concurrent Scan Root Regions 1.847ms
[2020-03-19T21:32:01.780+0800][1.321s] GC(2) Concurrent Mark (1.321s)
[2020-03-19T21:32:01.780+0800][1.321s] GC(2) Concurrent Mark From Roots
[2020-03-19T21:32:01.780+0800][1.321s] GC(2) Using 3 workers of 3 for marking
[2020-03-19T21:32:01.780+0800][1.321s] GC(2) Concurrent Mark From Roots 0.601ms
[2020-03-19T21:32:01.780+0800][1.321s] GC(2) Concurrent Preclean
[2020-03-19T21:32:01.781+0800][1.321s] GC(2) Concurrent Preclean 0.140ms
[2020-03-19T21:32:01.781+0800][1.321s] GC(2) Concurrent Mark (1.321s, 1.321s) 0.806ms
[2020-03-19T21:32:01.781+0800][1.322s] GC(2) Pause Remark
[2020-03-19T21:32:01.782+0800][1.322s] GC(2) Cleaned string and symbol table, strings: 10196 processed, 0 removed, symbols: 68105 processed, 11 removed
[2020-03-19T21:32:01.782+0800][1.322s] GC(2) Pause Remark 16M->16M(512M) 0.894ms
[2020-03-19T21:32:01.782+0800][1.322s] GC(2) User=0.00s Sys=0.00s Real=0.00s
[2020-03-19T21:32:01.782+0800][1.323s] GC(2) Concurrent Rebuild Remembered Sets
[2020-03-19T21:32:01.783+0800][1.324s] GC(2) Concurrent Rebuild Remembered Sets 1.168ms
[2020-03-19T21:32:01.783+0800][1.324s] GC(2) Pause Cleanup
[2020-03-19T21:32:01.783+0800][1.324s] GC(2) Pause Cleanup 16M->16M(512M) 0.064ms
[2020-03-19T21:32:01.783+0800][1.324s] GC(2) User=0.00s Sys=0.00s Real=0.00s
[2020-03-19T21:32:01.783+0800][1.324s] GC(2) Concurrent Cleanup for Next Mark
[2020-03-19T21:32:01.783+0800][1.324s] GC(2) Concurrent Cleanup for Next Mark 0.211ms
[2020-03-19T21:32:01.784+0800][1.324s] GC(2) Concurrent Cycle 5.698ms
[2020-03-19T21:32:02.433+0800][1.974s] GC(3) Pause Young (Normal) (G1 Evacuation Pause)
[2020-03-19T21:32:02.433+0800][1.974s] GC(3) Using 10 workers of 10 for evacuation
[2020-03-19T21:32:02.440+0800][1.981s] GC(3)   Pre Evacuate Collection Set: 0.0ms
[2020-03-19T21:32:02.440+0800][1.981s] GC(3)   Evacuate Collection Set: 6.2ms
[2020-03-19T21:32:02.440+0800][1.981s] GC(3)   Post Evacuate Collection Set: 0.6ms
[2020-03-19T21:32:02.440+0800][1.981s] GC(3)   Other: 0.1ms
[2020-03-19T21:32:02.440+0800][1.981s] GC(3) Eden regions: 42->0(68)
[2020-03-19T21:32:02.440+0800][1.981s] GC(3) Survivor regions: 12->7(7)
[2020-03-19T21:32:02.440+0800][1.981s] GC(3) Old regions: 0->13
[2020-03-19T21:32:02.440+0800][1.981s] GC(3) Humongous regions: 4->4
[2020-03-19T21:32:02.440+0800][1.981s] GC(3) Metaspace: 24443K->24443K(1071104K)
[2020-03-19T21:32:02.440+0800][1.981s] GC(3) Pause Young (Normal) (G1 Evacuation Pause) 57M->23M(512M) 7.240ms
[2020-03-19T21:32:02.440+0800][1.981s] GC(3) User=0.17s Sys=0.02s Real=0.01s
[2020-03-19T21:32:03.054+0800][2.595s] GC(4) Pause Young (Normal) (G1 Evacuation Pause)
[2020-03-19T21:32:03.054+0800][2.595s] GC(4) Using 10 workers of 10 for evacuation
[2020-03-19T21:32:03.056+0800][2.597s] GC(4)   Pre Evacuate Collection Set: 0.0ms
[2020-03-19T21:32:03.056+0800][2.597s] GC(4)   Evacuate Collection Set: 1.5ms
[2020-03-19T21:32:03.056+0800][2.597s] GC(4)   Post Evacuate Collection Set: 0.3ms
[2020-03-19T21:32:03.056+0800][2.597s] GC(4)   Other: 0.1ms
[2020-03-19T21:32:03.056+0800][2.597s] GC(4) Eden regions: 68->0(113)
[2020-03-19T21:32:03.056+0800][2.597s] GC(4) Survivor regions: 7->2(10)
[2020-03-19T21:32:03.056+0800][2.597s] GC(4) Old regions: 13->20
[2020-03-19T21:32:03.056+0800][2.597s] GC(4) Humongous regions: 4->4
[2020-03-19T21:32:03.056+0800][2.597s] GC(4) Metaspace: 32465K->32465K(1079296K)
[2020-03-19T21:32:03.056+0800][2.597s] GC(4) Pause Young (Normal) (G1 Evacuation Pause) 91M->24M(512M) 2.176ms
[2020-03-19T21:32:03.056+0800][2.597s] GC(4) User=0.00s Sys=0.00s Real=0.00s
[2020-03-19T21:32:03.202+0800][2.743s] GC(5) Pause Young (Concurrent Start) (Metadata GC Threshold)
[2020-03-19T21:32:03.202+0800][2.743s] GC(5) Using 10 workers of 10 for evacuation
[2020-03-19T21:32:03.204+0800][2.745s] GC(5)   Pre Evacuate Collection Set: 0.0ms
[2020-03-19T21:32:03.204+0800][2.745s] GC(5)   Evacuate Collection Set: 1.5ms
[2020-03-19T21:32:03.204+0800][2.745s] GC(5)   Post Evacuate Collection Set: 0.2ms
[2020-03-19T21:32:03.204+0800][2.745s] GC(5)   Other: 0.2ms
[2020-03-19T21:32:03.204+0800][2.745s] GC(5) Eden regions: 9->0(121)
[2020-03-19T21:32:03.204+0800][2.745s] GC(5) Survivor regions: 2->2(15)
[2020-03-19T21:32:03.204+0800][2.745s] GC(5) Old regions: 20->20
[2020-03-19T21:32:03.204+0800][2.745s] GC(5) Humongous regions: 4->4
[2020-03-19T21:32:03.204+0800][2.745s] GC(5) Metaspace: 35240K->35240K(1081344K)
[2020-03-19T21:32:03.204+0800][2.745s] GC(5) Pause Young (Concurrent Start) (Metadata GC Threshold) 33M->24M(512M) 2.191ms
[2020-03-19T21:32:03.204+0800][2.745s] GC(5) User=0.00s Sys=0.00s Real=0.00s
[2020-03-19T21:32:03.204+0800][2.745s] GC(6) Concurrent Cycle
[2020-03-19T21:32:03.204+0800][2.745s] GC(6) Concurrent Clear Claimed Marks
[2020-03-19T21:32:03.205+0800][2.746s] GC(6) Concurrent Clear Claimed Marks 0.024ms
[2020-03-19T21:32:03.205+0800][2.746s] GC(6) Concurrent Scan Root Regions
[2020-03-19T21:32:03.206+0800][2.747s] GC(6) Concurrent Scan Root Regions 1.261ms
[2020-03-19T21:32:03.206+0800][2.747s] GC(6) Concurrent Mark (2.747s)
[2020-03-19T21:32:03.206+0800][2.747s] GC(6) Concurrent Mark From Roots
[2020-03-19T21:32:03.206+0800][2.747s] GC(6) Using 3 workers of 3 for marking
[2020-03-19T21:32:03.218+0800][2.759s] GC(6) Concurrent Mark From Roots 11.906ms
[2020-03-19T21:32:03.218+0800][2.759s] GC(6) Concurrent Preclean
[2020-03-19T21:32:03.218+0800][2.759s] GC(6) Concurrent Preclean 0.262ms
[2020-03-19T21:32:03.218+0800][2.759s] GC(6) Concurrent Mark (2.747s, 2.759s) 12.288ms
[2020-03-19T21:32:03.218+0800][2.759s] GC(6) Pause Remark
[2020-03-19T21:32:03.220+0800][2.761s] GC(6) Cleaned string and symbol table, strings: 16586 processed, 24 removed, symbols: 115183 processed, 54 removed
[2020-03-19T21:32:03.220+0800][2.761s] GC(6) Pause Remark 26M->26M(512M) 1.661ms
[2020-03-19T21:32:03.220+0800][2.761s] GC(6) User=0.00s Sys=0.00s Real=0.00s
[2020-03-19T21:32:03.220+0800][2.761s] GC(6) Concurrent Rebuild Remembered Sets
[2020-03-19T21:32:03.225+0800][2.766s] GC(6) Concurrent Rebuild Remembered Sets 5.364ms
[2020-03-19T21:32:03.226+0800][2.767s] GC(6) Pause Cleanup
[2020-03-19T21:32:03.226+0800][2.767s] GC(6) Pause Cleanup 26M->26M(512M) 0.111ms
[2020-03-19T21:32:03.226+0800][2.767s] GC(6) User=0.00s Sys=0.00s Real=0.00s
[2020-03-19T21:32:03.226+0800][2.767s] GC(6) Concurrent Cleanup for Next Mark
[2020-03-19T21:32:03.226+0800][2.767s] GC(6) Concurrent Cleanup for Next Mark 0.373ms
[2020-03-19T21:32:03.226+0800][2.767s] GC(6) Concurrent Cycle 21.735ms
[2020-03-19T21:32:08.530+0800][8.071s] GC(7) Pause Young (Normal) (G1 Evacuation Pause)
[2020-03-19T21:32:08.530+0800][8.071s] GC(7) Using 10 workers of 10 for evacuation
[2020-03-19T21:32:08.533+0800][8.074s] GC(7)   Pre Evacuate Collection Set: 0.0ms
[2020-03-19T21:32:08.533+0800][8.074s] GC(7)   Evacuate Collection Set: 2.6ms
[2020-03-19T21:32:08.533+0800][8.074s] GC(7)   Post Evacuate Collection Set: 0.4ms
[2020-03-19T21:32:08.533+0800][8.074s] GC(7)   Other: 0.1ms
[2020-03-19T21:32:08.533+0800][8.074s] GC(7) Eden regions: 121->0(190)
[2020-03-19T21:32:08.533+0800][8.074s] GC(7) Survivor regions: 2->10(16)
[2020-03-19T21:32:08.533+0800][8.074s] GC(7) Old regions: 20->20
[2020-03-19T21:32:08.533+0800][8.074s] GC(7) Humongous regions: 6->5
[2020-03-19T21:32:08.533+0800][8.074s] GC(7) Metaspace: 42598K->42598K(1087488K)
[2020-03-19T21:32:08.533+0800][8.074s] GC(7) Pause Young (Normal) (G1 Evacuation Pause) 147M->33M(512M) 3.304ms
[2020-03-19T21:32:08.533+0800][8.074s] GC(7) User=0.00s Sys=0.00s Real=0.00s
[2020-03-19T21:32:08.970+0800][8.511s] GC(8) Pause Young (Normal) (G1 Evacuation Pause)
[2020-03-19T21:32:08.970+0800][8.511s] GC(8) Using 10 workers of 10 for evacuation
[2020-03-19T21:32:08.973+0800][8.514s] GC(8)   Pre Evacuate Collection Set: 0.0ms
[2020-03-19T21:32:08.973+0800][8.514s] GC(8)   Evacuate Collection Set: 3.0ms
[2020-03-19T21:32:08.973+0800][8.514s] GC(8)   Post Evacuate Collection Set: 0.4ms
[2020-03-19T21:32:08.973+0800][8.514s] GC(8)   Other: 0.1ms
[2020-03-19T21:32:08.973+0800][8.514s] GC(8) Eden regions: 190->0(252)
[2020-03-19T21:32:08.973+0800][8.514s] GC(8) Survivor regions: 10->12(25)
[2020-03-19T21:32:08.973+0800][8.514s] GC(8) Old regions: 20->20
[2020-03-19T21:32:08.973+0800][8.515s] GC(8) Humongous regions: 5->5
[2020-03-19T21:32:08.973+0800][8.515s] GC(8) Metaspace: 46913K->46913K(1091584K)
[2020-03-19T21:32:08.973+0800][8.515s] GC(8) Pause Young (Normal) (G1 Evacuation Pause) 223M->35M(512M) 3.642ms
[2020-03-19T21:32:08.974+0800][8.515s] GC(8) User=0.00s Sys=0.00s Real=0.00s
