[2020-03-19T22:00:43.064+0800][0.022s] Heap region size: 1M
[2020-03-19T22:00:43.251+0800][0.197s] Using G1
[2020-03-19T22:00:43.251+0800][0.197s] Heap address: 0x00000000e0000000, size: 512 MB, Compressed Oops mode: 32-bit
[2020-03-19T22:00:43.985+0800][0.944s] GC(0) Pause Young (Normal) (G1 Evacuation Pause)
[2020-03-19T22:00:43.985+0800][0.944s] GC(0) Using 10 workers of 10 for evacuation
[2020-03-19T22:00:43.985+0800][0.946s] GC(0)   Pre Evacuate Collection Set: 0.0ms
[2020-03-19T22:00:43.985+0800][0.946s] GC(0)   Evacuate Collection Set: 2.0ms
[2020-03-19T22:00:43.985+0800][0.946s] GC(0)   Post Evacuate Collection Set: 0.3ms
[2020-03-19T22:00:43.985+0800][0.946s] GC(0)   Other: 0.5ms
[2020-03-19T22:00:43.985+0800][0.946s] GC(0) Eden regions: 30->0(303)
[2020-03-19T22:00:44.001+0800][0.948s] GC(0) Survivor regions: 0->4(4)
[2020-03-19T22:00:44.001+0800][0.948s] GC(0) Old regions: 0->0
[2020-03-19T22:00:44.001+0800][0.948s] GC(0) Humongous regions: 0->0
[2020-03-19T22:00:44.001+0800][0.948s] GC(0) Metaspace: 15011K->15011K(1062912K)
[2020-03-19T22:00:44.001+0800][0.948s] GC(0) Pause Young (Normal) (G1 Evacuation Pause) 30M->3M(512M) 4.186ms
[2020-03-19T22:00:44.001+0800][0.948s] GC(0) User=0.03s Sys=0.00s Real=0.02s
[2020-03-19T22:00:44.313+0800][1.267s] GC(1) Pause Young (Concurrent Start) (Metadata GC Threshold)
[2020-03-19T22:00:44.313+0800][1.267s] GC(1) Using 10 workers of 10 for evacuation
[2020-03-19T22:00:44.329+0800][1.276s] GC(1)   Pre Evacuate Collection Set: 0.0ms
[2020-03-19T22:00:44.329+0800][1.276s] GC(1)   Evacuate Collection Set: 7.9ms
[2020-03-19T22:00:44.329+0800][1.276s] GC(1)   Post Evacuate Collection Set: 0.5ms
[2020-03-19T22:00:44.329+0800][1.276s] GC(1)   Other: 0.2ms
[2020-03-19T22:00:44.329+0800][1.276s] GC(1) Eden regions: 21->0(77)
[2020-03-19T22:00:44.329+0800][1.276s] GC(1) Survivor regions: 4->12(39)
[2020-03-19T22:00:44.329+0800][1.276s] GC(1) Old regions: 0->0
[2020-03-19T22:00:44.329+0800][1.276s] GC(1) Humongous regions: 4->4
[2020-03-19T22:00:44.329+0800][1.276s] GC(1) Metaspace: 20727K->20727K(1069056K)
[2020-03-19T22:00:44.329+0800][1.276s] GC(1) Pause Young (Concurrent Start) (Metadata GC Threshold) 28M->15M(512M) 8.893ms
[2020-03-19T22:00:44.329+0800][1.276s] GC(1) User=0.17s Sys=0.00s Real=0.02s
[2020-03-19T22:00:44.329+0800][1.276s] GC(2) Concurrent Cycle
[2020-03-19T22:00:44.329+0800][1.276s] GC(2) Concurrent Clear Claimed Marks
[2020-03-19T22:00:44.329+0800][1.276s] GC(2) Concurrent Clear Claimed Marks 0.030ms
[2020-03-19T22:00:44.329+0800][1.276s] GC(2) Concurrent Scan Root Regions
[2020-03-19T22:00:44.329+0800][1.279s] GC(2) Concurrent Scan Root Regions 2.543ms
[2020-03-19T22:00:44.329+0800][1.279s] GC(2) Concurrent Mark (1.279s)
[2020-03-19T22:00:44.329+0800][1.279s] GC(2) Concurrent Mark From Roots
[2020-03-19T22:00:44.329+0800][1.279s] GC(2) Using 3 workers of 3 for marking
[2020-03-19T22:00:44.329+0800][1.279s] GC(2) Concurrent Mark From Roots 0.671ms
[2020-03-19T22:00:44.329+0800][1.280s] GC(2) Concurrent Preclean
[2020-03-19T22:00:44.329+0800][1.280s] GC(2) Concurrent Preclean 0.129ms
[2020-03-19T22:00:44.329+0800][1.280s] GC(2) Concurrent Mark (1.279s, 1.280s) 0.862ms
[2020-03-19T22:00:44.329+0800][1.280s] GC(2) Pause Remark
[2020-03-19T22:00:44.329+0800][1.281s] GC(2) Cleaned string and symbol table, strings: 10185 processed, 0 removed, symbols: 68104 processed, 11 removed
[2020-03-19T22:00:44.329+0800][1.281s] GC(2) Pause Remark 16M->16M(512M) 0.949ms
[2020-03-19T22:00:44.329+0800][1.281s] GC(2) User=0.00s Sys=0.00s Real=0.00s
[2020-03-19T22:00:44.329+0800][1.281s] GC(2) Concurrent Rebuild Remembered Sets
[2020-03-19T22:00:44.329+0800][1.283s] GC(2) Concurrent Rebuild Remembered Sets 2.128ms
[2020-03-19T22:00:44.329+0800][1.283s] GC(2) Pause Cleanup
[2020-03-19T22:00:44.329+0800][1.283s] GC(2) Pause Cleanup 16M->16M(512M) 0.119ms
[2020-03-19T22:00:44.329+0800][1.283s] GC(2) User=0.00s Sys=0.00s Real=0.00s
[2020-03-19T22:00:44.329+0800][1.283s] GC(2) Concurrent Cleanup for Next Mark
[2020-03-19T22:00:44.329+0800][1.284s] GC(2) Concurrent Cleanup for Next Mark 0.357ms
[2020-03-19T22:00:44.329+0800][1.284s] GC(2) Concurrent Cycle 7.619ms
[2020-03-19T22:00:44.985+0800][1.944s] GC(3) Pause Young (Normal) (G1 Evacuation Pause)
[2020-03-19T22:00:44.985+0800][1.944s] GC(3) Using 10 workers of 10 for evacuation
[2020-03-19T22:00:45.001+0800][1.950s] GC(3)   Pre Evacuate Collection Set: 0.0ms
[2020-03-19T22:00:45.001+0800][1.950s] GC(3)   Evacuate Collection Set: 5.9ms
[2020-03-19T22:00:45.001+0800][1.950s] GC(3)   Post Evacuate Collection Set: 0.7ms
[2020-03-19T22:00:45.001+0800][1.950s] GC(3)   Other: 0.2ms
[2020-03-19T22:00:45.001+0800][1.950s] GC(3) Eden regions: 42->0(68)
[2020-03-19T22:00:45.001+0800][1.950s] GC(3) Survivor regions: 12->7(7)
[2020-03-19T22:00:45.001+0800][1.950s] GC(3) Old regions: 0->13
[2020-03-19T22:00:45.001+0800][1.951s] GC(3) Humongous regions: 4->4
[2020-03-19T22:00:45.001+0800][1.951s] GC(3) Metaspace: 24610K->24610K(1071104K)
[2020-03-19T22:00:45.001+0800][1.951s] GC(3) Pause Young (Normal) (G1 Evacuation Pause) 57M->23M(512M) 7.045ms
[2020-03-19T22:00:45.001+0800][1.951s] GC(3) User=0.19s Sys=0.00s Real=0.02s
[2020-03-19T22:00:45.704+0800][2.654s] GC(4) Pause Young (Normal) (G1 Evacuation Pause)
[2020-03-19T22:00:45.704+0800][2.654s] GC(4) Using 10 workers of 10 for evacuation
[2020-03-19T22:00:45.704+0800][2.656s] GC(4)   Pre Evacuate Collection Set: 0.0ms
[2020-03-19T22:00:45.704+0800][2.656s] GC(4)   Evacuate Collection Set: 1.6ms
[2020-03-19T22:00:45.704+0800][2.656s] GC(4)   Post Evacuate Collection Set: 0.3ms
[2020-03-19T22:00:45.704+0800][2.656s] GC(4)   Other: 0.1ms
[2020-03-19T22:00:45.704+0800][2.656s] GC(4) Eden regions: 68->0(112)
[2020-03-19T22:00:45.704+0800][2.657s] GC(4) Survivor regions: 7->2(10)
[2020-03-19T22:00:45.704+0800][2.657s] GC(4) Old regions: 13->19
[2020-03-19T22:00:45.704+0800][2.657s] GC(4) Humongous regions: 4->4
[2020-03-19T22:00:45.704+0800][2.657s] GC(4) Metaspace: 33026K->33026K(1079296K)
[2020-03-19T22:00:45.704+0800][2.657s] GC(4) Pause Young (Normal) (G1 Evacuation Pause) 91M->24M(512M) 2.154ms
[2020-03-19T22:00:45.704+0800][2.657s] GC(4) User=0.00s Sys=0.00s Real=0.00s
[2020-03-19T22:00:45.813+0800][2.767s] GC(5) Pause Young (Concurrent Start) (Metadata GC Threshold)
[2020-03-19T22:00:45.813+0800][2.767s] GC(5) Using 10 workers of 10 for evacuation
[2020-03-19T22:00:45.813+0800][2.769s] GC(5)   Pre Evacuate Collection Set: 0.0ms
[2020-03-19T22:00:45.813+0800][2.769s] GC(5)   Evacuate Collection Set: 1.9ms
[2020-03-19T22:00:45.813+0800][2.769s] GC(5)   Post Evacuate Collection Set: 0.2ms
[2020-03-19T22:00:45.813+0800][2.769s] GC(5)   Other: 0.1ms
[2020-03-19T22:00:45.813+0800][2.769s] GC(5) Eden regions: 7->0(116)
[2020-03-19T22:00:45.813+0800][2.769s] GC(5) Survivor regions: 2->2(15)
[2020-03-19T22:00:45.813+0800][2.769s] GC(5) Old regions: 19->19
[2020-03-19T22:00:45.813+0800][2.769s] GC(5) Humongous regions: 4->4
[2020-03-19T22:00:45.813+0800][2.769s] GC(5) Metaspace: 35254K->35254K(1081344K)
[2020-03-19T22:00:45.813+0800][2.769s] GC(5) Pause Young (Concurrent Start) (Metadata GC Threshold) 31M->24M(512M) 2.509ms
[2020-03-19T22:00:45.813+0800][2.769s] GC(5) User=0.00s Sys=0.00s Real=0.00s
[2020-03-19T22:00:45.813+0800][2.769s] GC(6) Concurrent Cycle
[2020-03-19T22:00:45.813+0800][2.769s] GC(6) Concurrent Clear Claimed Marks
[2020-03-19T22:00:45.813+0800][2.769s] GC(6) Concurrent Clear Claimed Marks 0.024ms
[2020-03-19T22:00:45.813+0800][2.769s] GC(6) Concurrent Scan Root Regions
[2020-03-19T22:00:45.813+0800][2.771s] GC(6) Concurrent Scan Root Regions 1.216ms
[2020-03-19T22:00:45.813+0800][2.771s] GC(6) Concurrent Mark (2.771s)
[2020-03-19T22:00:45.813+0800][2.771s] GC(6) Concurrent Mark From Roots
[2020-03-19T22:00:45.813+0800][2.771s] GC(6) Using 3 workers of 3 for marking
[2020-03-19T22:00:45.829+0800][2.782s] GC(6) Concurrent Mark From Roots 11.551ms
[2020-03-19T22:00:45.829+0800][2.782s] GC(6) Concurrent Preclean
[2020-03-19T22:00:45.829+0800][2.782s] GC(6) Concurrent Preclean 0.263ms
[2020-03-19T22:00:45.829+0800][2.782s] GC(6) Concurrent Mark (2.771s, 2.782s) 11.930ms
[2020-03-19T22:00:45.829+0800][2.783s] GC(6) Pause Remark
[2020-03-19T22:00:45.829+0800][2.784s] GC(6) Cleaned string and symbol table, strings: 16622 processed, 24 removed, symbols: 115693 processed, 54 removed
[2020-03-19T22:00:45.829+0800][2.784s] GC(6) Pause Remark 26M->26M(512M) 1.754ms
[2020-03-19T22:00:45.829+0800][2.784s] GC(6) User=0.00s Sys=0.00s Real=0.00s
[2020-03-19T22:00:45.829+0800][2.784s] GC(6) Concurrent Rebuild Remembered Sets
[2020-03-19T22:00:45.829+0800][2.790s] GC(6) Concurrent Rebuild Remembered Sets 5.255ms
[2020-03-19T22:00:45.829+0800][2.790s] GC(6) Pause Cleanup
[2020-03-19T22:00:45.844+0800][2.790s] GC(6) Pause Cleanup 26M->26M(512M) 0.117ms
[2020-03-19T22:00:45.844+0800][2.790s] GC(6) User=0.08s Sys=0.00s Real=0.02s
[2020-03-19T22:00:45.844+0800][2.790s] GC(6) Concurrent Cleanup for Next Mark
[2020-03-19T22:00:45.844+0800][2.791s] GC(6) Concurrent Cleanup for Next Mark 0.415ms
[2020-03-19T22:00:45.844+0800][2.791s] GC(6) Concurrent Cycle 21.407ms
[2020-03-19T22:00:51.140+0800][8.094s] GC(7) Pause Young (Concurrent Start) (G1 Evacuation Pause)
[2020-03-19T22:00:51.140+0800][8.095s] GC(7) Using 10 workers of 10 for evacuation
[2020-03-19T22:00:51.140+0800][8.100s] GC(7)   Pre Evacuate Collection Set: 0.0ms
[2020-03-19T22:00:51.140+0800][8.100s] GC(7)   Evacuate Collection Set: 4.7ms
[2020-03-19T22:00:51.140+0800][8.100s] GC(7)   Post Evacuate Collection Set: 0.6ms
[2020-03-19T22:00:51.140+0800][8.100s] GC(7)   Other: 0.2ms
[2020-03-19T22:00:51.140+0800][8.100s] GC(7) Eden regions: 116->0(174)
[2020-03-19T22:00:51.140+0800][8.100s] GC(7) Survivor regions: 2->10(15)
[2020-03-19T22:00:51.140+0800][8.100s] GC(7) Old regions: 19->19
[2020-03-19T22:00:51.140+0800][8.100s] GC(7) Humongous regions: 6->5
[2020-03-19T22:00:51.140+0800][8.100s] GC(7) Metaspace: 42469K->42469K(1087488K)
[2020-03-19T22:00:51.140+0800][8.100s] GC(7) Pause Young (Concurrent Start) (G1 Evacuation Pause) 142M->33M(512M) 5.668ms
[2020-03-19T22:00:51.140+0800][8.100s] GC(7) User=0.00s Sys=0.00s Real=0.00s
[2020-03-19T22:00:51.140+0800][8.100s] GC(8) Concurrent Cycle
[2020-03-19T22:00:51.140+0800][8.100s] GC(8) Concurrent Clear Claimed Marks
[2020-03-19T22:00:51.140+0800][8.100s] GC(8) Concurrent Clear Claimed Marks 0.042ms
[2020-03-19T22:00:51.140+0800][8.100s] GC(8) Concurrent Scan Root Regions
[2020-03-19T22:00:51.155+0800][8.102s] GC(8) Concurrent Scan Root Regions 1.862ms
[2020-03-19T22:00:51.155+0800][8.102s] GC(8) Concurrent Mark (8.102s)
[2020-03-19T22:00:51.155+0800][8.102s] GC(8) Concurrent Mark From Roots
[2020-03-19T22:00:51.155+0800][8.102s] GC(8) Using 3 workers of 3 for marking
[2020-03-19T22:00:51.155+0800][8.112s] GC(8) Concurrent Mark From Roots 9.325ms
[2020-03-19T22:00:51.155+0800][8.112s] GC(8) Concurrent Preclean
[2020-03-19T22:00:51.155+0800][8.112s] GC(8) Concurrent Preclean 0.186ms
[2020-03-19T22:00:51.155+0800][8.112s] GC(8) Concurrent Mark (8.102s, 8.112s) 9.588ms
[2020-03-19T22:00:51.155+0800][8.112s] GC(8) Pause Remark
[2020-03-19T22:00:51.155+0800][8.114s] GC(8) Cleaned string and symbol table, strings: 19888 processed, 0 removed, symbols: 136523 processed, 44 removed
[2020-03-19T22:00:51.155+0800][8.114s] GC(8) Pause Remark 35M->35M(512M) 1.816ms
[2020-03-19T22:00:51.155+0800][8.114s] GC(8) User=0.00s Sys=0.00s Real=0.00s
[2020-03-19T22:00:51.155+0800][8.114s] GC(8) Concurrent Rebuild Remembered Sets
[2020-03-19T22:00:51.171+0800][8.118s] GC(8) Concurrent Rebuild Remembered Sets 4.330ms
[2020-03-19T22:00:51.171+0800][8.119s] GC(8) Pause Cleanup
[2020-03-19T22:00:51.171+0800][8.119s] GC(8) Pause Cleanup 36M->36M(512M) 0.145ms
[2020-03-19T22:00:51.171+0800][8.119s] GC(8) User=0.00s Sys=0.00s Real=0.00s
[2020-03-19T22:00:51.171+0800][8.119s] GC(8) Concurrent Cleanup for Next Mark
[2020-03-19T22:00:51.171+0800][8.119s] GC(8) Concurrent Cleanup for Next Mark 0.324ms
[2020-03-19T22:00:51.171+0800][8.119s] GC(8) Concurrent Cycle 18.924ms
[2020-03-19T22:00:51.577+0800][8.524s] GC(9) Pause Young (Normal) (G1 Evacuation Pause)
[2020-03-19T22:00:51.577+0800][8.524s] GC(9) Using 10 workers of 10 for evacuation
[2020-03-19T22:00:51.577+0800][8.527s] GC(9)   Pre Evacuate Collection Set: 0.0ms
[2020-03-19T22:00:51.577+0800][8.527s] GC(9)   Evacuate Collection Set: 3.1ms
[2020-03-19T22:00:51.577+0800][8.528s] GC(9)   Post Evacuate Collection Set: 0.3ms
[2020-03-19T22:00:51.577+0800][8.528s] GC(9)   Other: 0.1ms
[2020-03-19T22:00:51.577+0800][8.528s] GC(9) Eden regions: 181->0(245)
[2020-03-19T22:00:51.577+0800][8.528s] GC(9) Survivor regions: 10->12(24)
[2020-03-19T22:00:51.577+0800][8.528s] GC(9) Old regions: 19->19
[2020-03-19T22:00:51.577+0800][8.528s] GC(9) Humongous regions: 5->5
[2020-03-19T22:00:51.577+0800][8.528s] GC(9) Metaspace: 46569K->46569K(1091584K)
[2020-03-19T22:00:51.577+0800][8.528s] GC(9) Pause Young (Normal) (G1 Evacuation Pause) 214M->35M(512M) 3.715ms
[2020-03-19T22:00:51.577+0800][8.528s] GC(9) User=0.00s Sys=0.00s Real=0.00s
[2020-03-19T22:02:56.191+0800][133.137s] GC(10) Pause Young (Normal) (G1 Evacuation Pause)
[2020-03-19T22:02:56.191+0800][133.137s] GC(10) Using 10 workers of 10 for evacuation
[2020-03-19T22:02:56.191+0800][133.144s] GC(10)   Pre Evacuate Collection Set: 0.0ms
[2020-03-19T22:02:56.191+0800][133.144s] GC(10)   Evacuate Collection Set: 6.2ms
[2020-03-19T22:02:56.191+0800][133.144s] GC(10)   Post Evacuate Collection Set: 0.6ms
[2020-03-19T22:02:56.191+0800][133.144s] GC(10)   Other: 0.2ms
[2020-03-19T22:02:56.191+0800][133.144s] GC(10) Eden regions: 245->0(283)
[2020-03-19T22:02:56.191+0800][133.144s] GC(10) Survivor regions: 12->24(33)
[2020-03-19T22:02:56.191+0800][133.144s] GC(10) Old regions: 19->19
[2020-03-19T22:02:56.191+0800][133.144s] GC(10) Humongous regions: 5->5
[2020-03-19T22:02:56.191+0800][133.144s] GC(10) Metaspace: 57093K->57093K(1101824K)
[2020-03-19T22:02:56.191+0800][133.144s] GC(10) Pause Young (Normal) (G1 Evacuation Pause) 280M->47M(512M) 7.136ms
[2020-03-19T22:02:56.191+0800][133.144s] GC(10) User=0.00s Sys=0.00s Real=0.00s
