[2020-03-19T17:45:45.580+0800][0.020s] Heap region size: 1M
[2020-03-19T17:45:45.758+0800][0.198s] Using G1
[2020-03-19T17:45:45.758+0800][0.198s] Heap address: 0x00000000e0000000, size: 512 MB, Compressed Oops mode: 32-bit
[2020-03-19T17:45:46.520+0800][0.960s] GC(0) Pause Young (Normal) (G1 Evacuation Pause)
[2020-03-19T17:45:46.520+0800][0.961s] GC(0) Using 10 workers of 10 for evacuation
[2020-03-19T17:45:46.523+0800][0.963s] GC(0)   Pre Evacuate Collection Set: 0.0ms
[2020-03-19T17:45:46.523+0800][0.963s] GC(0)   Evacuate Collection Set: 2.1ms
[2020-03-19T17:45:46.523+0800][0.963s] GC(0)   Post Evacuate Collection Set: 0.4ms
[2020-03-19T17:45:46.523+0800][0.963s] GC(0)   Other: 0.5ms
[2020-03-19T17:45:46.523+0800][0.964s] GC(0) Eden regions: 30->0(303)
[2020-03-19T17:45:46.524+0800][0.965s] GC(0) Survivor regions: 0->4(4)
[2020-03-19T17:45:46.524+0800][0.965s] GC(0) Old regions: 0->0
[2020-03-19T17:45:46.524+0800][0.965s] GC(0) Humongous regions: 0->0
[2020-03-19T17:45:46.524+0800][0.965s] GC(0) Metaspace: 14837K->14837K(1062912K)
[2020-03-19T17:45:46.524+0800][0.965s] GC(0) Pause Young (Normal) (G1 Evacuation Pause) 30M->3M(512M) 4.378ms
[2020-03-19T17:45:46.524+0800][0.965s] GC(0) User=0.00s Sys=0.00s Real=0.00s
[2020-03-19T17:45:46.834+0800][1.274s] GC(1) Pause Young (Concurrent Start) (Metadata GC Threshold)
[2020-03-19T17:45:46.834+0800][1.275s] GC(1) Using 10 workers of 10 for evacuation
[2020-03-19T17:45:46.842+0800][1.282s] GC(1)   Pre Evacuate Collection Set: 0.0ms
[2020-03-19T17:45:46.842+0800][1.283s] GC(1)   Evacuate Collection Set: 7.5ms
[2020-03-19T17:45:46.842+0800][1.283s] GC(1)   Post Evacuate Collection Set: 0.3ms
[2020-03-19T17:45:46.842+0800][1.283s] GC(1)   Other: 0.2ms
[2020-03-19T17:45:46.842+0800][1.283s] GC(1) Eden regions: 21->0(91)
[2020-03-19T17:45:46.842+0800][1.283s] GC(1) Survivor regions: 4->12(39)
[2020-03-19T17:45:46.842+0800][1.283s] GC(1) Old regions: 0->0
[2020-03-19T17:45:46.843+0800][1.283s] GC(1) Humongous regions: 4->4
[2020-03-19T17:45:46.843+0800][1.283s] GC(1) Metaspace: 20726K->20726K(1069056K)
[2020-03-19T17:45:46.843+0800][1.283s] GC(1) Pause Young (Concurrent Start) (Metadata GC Threshold) 28M->15M(512M) 8.206ms
[2020-03-19T17:45:46.843+0800][1.283s] GC(1) User=0.17s Sys=0.00s Real=0.01s
[2020-03-19T17:45:46.843+0800][1.283s] GC(2) Concurrent Cycle
[2020-03-19T17:45:46.843+0800][1.283s] GC(2) Concurrent Clear Claimed Marks
[2020-03-19T17:45:46.843+0800][1.283s] GC(2) Concurrent Clear Claimed Marks 0.028ms
[2020-03-19T17:45:46.843+0800][1.283s] GC(2) Concurrent Scan Root Regions
[2020-03-19T17:45:46.845+0800][1.286s] GC(2) Concurrent Scan Root Regions 2.710ms
[2020-03-19T17:45:46.845+0800][1.286s] GC(2) Concurrent Mark (1.286s)
[2020-03-19T17:45:46.845+0800][1.286s] GC(2) Concurrent Mark From Roots
[2020-03-19T17:45:46.845+0800][1.286s] GC(2) Using 3 workers of 3 for marking
[2020-03-19T17:45:46.846+0800][1.286s] GC(2) Concurrent Mark From Roots 0.825ms
[2020-03-19T17:45:46.846+0800][1.286s] GC(2) Concurrent Preclean
[2020-03-19T17:45:46.846+0800][1.287s] GC(2) Concurrent Preclean 0.138ms
[2020-03-19T17:45:46.846+0800][1.287s] GC(2) Concurrent Mark (1.286s, 1.287s) 1.030ms
[2020-03-19T17:45:46.846+0800][1.287s] GC(2) Pause Remark
[2020-03-19T17:45:46.847+0800][1.288s] GC(2) Cleaned string and symbol table, strings: 10183 processed, 0 removed, symbols: 68104 processed, 11 removed
[2020-03-19T17:45:46.847+0800][1.288s] GC(2) Pause Remark 16M->16M(512M) 0.966ms
[2020-03-19T17:45:46.847+0800][1.288s] GC(2) User=0.00s Sys=0.00s Real=0.00s
[2020-03-19T17:45:46.847+0800][1.288s] GC(2) Concurrent Rebuild Remembered Sets
[2020-03-19T17:45:46.849+0800][1.290s] GC(2) Concurrent Rebuild Remembered Sets 2.145ms
[2020-03-19T17:45:46.849+0800][1.290s] GC(2) Pause Cleanup
[2020-03-19T17:45:46.849+0800][1.290s] GC(2) Pause Cleanup 16M->16M(512M) 0.095ms
[2020-03-19T17:45:46.849+0800][1.290s] GC(2) User=0.00s Sys=0.00s Real=0.00s
[2020-03-19T17:45:46.850+0800][1.290s] GC(2) Concurrent Cleanup for Next Mark
[2020-03-19T17:45:46.850+0800][1.291s] GC(2) Concurrent Cleanup for Next Mark 0.318ms
[2020-03-19T17:45:46.850+0800][1.291s] GC(2) Concurrent Cycle 7.895ms
[2020-03-19T17:45:47.604+0800][2.044s] GC(3) Pause Young (Normal) (G1 Evacuation Pause)
[2020-03-19T17:45:47.604+0800][2.044s] GC(3) Using 10 workers of 10 for evacuation
[2020-03-19T17:45:47.610+0800][2.050s] GC(3)   Pre Evacuate Collection Set: 0.0ms
[2020-03-19T17:45:47.610+0800][2.050s] GC(3)   Evacuate Collection Set: 6.0ms
[2020-03-19T17:45:47.610+0800][2.051s] GC(3)   Post Evacuate Collection Set: 0.5ms
[2020-03-19T17:45:47.610+0800][2.051s] GC(3)   Other: 0.1ms
[2020-03-19T17:45:47.610+0800][2.051s] GC(3) Eden regions: 49->0(74)
[2020-03-19T17:45:47.610+0800][2.051s] GC(3) Survivor regions: 12->8(8)
[2020-03-19T17:45:47.610+0800][2.051s] GC(3) Old regions: 0->12
[2020-03-19T17:45:47.610+0800][2.051s] GC(3) Humongous regions: 4->4
[2020-03-19T17:45:47.610+0800][2.051s] GC(3) Metaspace: 25268K->25268K(1073152K)
[2020-03-19T17:45:47.610+0800][2.051s] GC(3) Pause Young (Normal) (G1 Evacuation Pause) 64M->23M(512M) 6.806ms
[2020-03-19T17:45:47.610+0800][2.051s] GC(3) User=0.13s Sys=0.00s Real=0.01s
[2020-03-19T17:45:48.366+0800][2.807s] GC(4) Pause Young (Concurrent Start) (Metadata GC Threshold)
[2020-03-19T17:45:48.366+0800][2.807s] GC(4) Using 10 workers of 10 for evacuation
[2020-03-19T17:45:48.371+0800][2.811s] GC(4)   Pre Evacuate Collection Set: 0.0ms
[2020-03-19T17:45:48.372+0800][2.811s] GC(4)   Evacuate Collection Set: 4.4ms
[2020-03-19T17:45:48.372+0800][2.812s] GC(4)   Post Evacuate Collection Set: 0.3ms
[2020-03-19T17:45:48.372+0800][2.812s] GC(4)   Other: 0.2ms
[2020-03-19T17:45:48.372+0800][2.812s] GC(4) Eden regions: 70->0(129)
[2020-03-19T17:45:48.372+0800][2.812s] GC(4) Survivor regions: 8->2(11)
[2020-03-19T17:45:48.372+0800][2.812s] GC(4) Old regions: 12->19
[2020-03-19T17:45:48.372+0800][2.812s] GC(4) Humongous regions: 4->4
[2020-03-19T17:45:48.372+0800][2.812s] GC(4) Metaspace: 35218K->35218K(1081344K)
[2020-03-19T17:45:48.372+0800][2.812s] GC(4) Pause Young (Concurrent Start) (Metadata GC Threshold) 93M->24M(512M) 5.206ms
[2020-03-19T17:45:48.372+0800][2.812s] GC(4) User=0.00s Sys=0.00s Real=0.01s
[2020-03-19T17:45:48.372+0800][2.812s] GC(5) Concurrent Cycle
[2020-03-19T17:45:48.372+0800][2.812s] GC(5) Concurrent Clear Claimed Marks
[2020-03-19T17:45:48.372+0800][2.812s] GC(5) Concurrent Clear Claimed Marks 0.043ms
[2020-03-19T17:45:48.372+0800][2.812s] GC(5) Concurrent Scan Root Regions
[2020-03-19T17:45:48.373+0800][2.813s] GC(5) Concurrent Scan Root Regions 1.133ms
[2020-03-19T17:45:48.373+0800][2.813s] GC(5) Concurrent Mark (2.813s)
[2020-03-19T17:45:48.373+0800][2.813s] GC(5) Concurrent Mark From Roots
[2020-03-19T17:45:48.373+0800][2.813s] GC(5) Using 3 workers of 3 for marking
[2020-03-19T17:45:48.395+0800][2.835s] GC(5) Concurrent Mark From Roots 21.970ms
[2020-03-19T17:45:48.395+0800][2.835s] GC(5) Concurrent Preclean
[2020-03-19T17:45:48.395+0800][2.835s] GC(5) Concurrent Preclean 0.192ms
[2020-03-19T17:45:48.395+0800][2.835s] GC(5) Concurrent Mark (2.813s, 2.835s) 22.265ms
[2020-03-19T17:45:48.396+0800][2.835s] GC(5) Pause Remark
[2020-03-19T17:45:48.397+0800][2.837s] GC(5) Cleaned string and symbol table, strings: 16632 processed, 21 removed, symbols: 115707 processed, 54 removed
[2020-03-19T17:45:48.397+0800][2.837s] GC(5) Pause Remark 26M->26M(512M) 1.918ms
[2020-03-19T17:45:48.398+0800][2.837s] GC(5) User=0.00s Sys=0.00s Real=0.00s
[2020-03-19T17:45:48.398+0800][2.837s] GC(5) Concurrent Rebuild Remembered Sets
[2020-03-19T17:45:48.403+0800][2.843s] GC(5) Concurrent Rebuild Remembered Sets 5.603ms
[2020-03-19T17:45:48.403+0800][2.843s] GC(5) Pause Cleanup
[2020-03-19T17:45:48.403+0800][2.843s] GC(5) Pause Cleanup 27M->27M(512M) 0.096ms
[2020-03-19T17:45:48.403+0800][2.843s] GC(5) User=0.00s Sys=0.00s Real=0.00s
[2020-03-19T17:45:48.404+0800][2.843s] GC(5) Concurrent Cleanup for Next Mark
[2020-03-19T17:45:48.404+0800][2.844s] GC(5) Concurrent Cleanup for Next Mark 0.367ms
[2020-03-19T17:45:48.404+0800][2.844s] GC(5) Concurrent Cycle 32.061ms
[2020-03-19T18:03:20.028+0800][1054.468s] GC(6) Pause Young (Concurrent Start) (G1 Evacuation Pause)
[2020-03-19T18:03:20.028+0800][1054.468s] GC(6) Using 10 workers of 10 for evacuation
[2020-03-19T18:03:20.037+0800][1054.477s] GC(6)   Pre Evacuate Collection Set: 0.1ms
[2020-03-19T18:03:20.037+0800][1054.477s] GC(6)   Evacuate Collection Set: 8.4ms
[2020-03-19T18:03:20.037+0800][1054.477s] GC(6)   Post Evacuate Collection Set: 0.6ms
[2020-03-19T18:03:20.038+0800][1054.477s] GC(6)   Other: 0.3ms
[2020-03-19T18:03:20.038+0800][1054.477s] GC(6) Eden regions: 129->0(173)
[2020-03-19T18:03:20.038+0800][1054.477s] GC(6) Survivor regions: 2->7(17)
[2020-03-19T18:03:20.038+0800][1054.477s] GC(6) Old regions: 19->19
[2020-03-19T18:03:20.038+0800][1054.477s] GC(6) Humongous regions: 4->4
[2020-03-19T18:03:20.038+0800][1054.478s] GC(6) Metaspace: 43566K->43566K(1089536K)
[2020-03-19T18:03:20.038+0800][1054.478s] GC(6) Pause Young (Concurrent Start) (G1 Evacuation Pause) 153M->29M(512M) 9.594ms
[2020-03-19T18:03:20.038+0800][1054.478s] GC(6) User=0.03s Sys=0.00s Real=0.01s
[2020-03-19T18:03:20.038+0800][1054.478s] GC(7) Concurrent Cycle
[2020-03-19T18:03:20.038+0800][1054.478s] GC(7) Concurrent Clear Claimed Marks
[2020-03-19T18:03:20.038+0800][1054.478s] GC(7) Concurrent Clear Claimed Marks 0.056ms
[2020-03-19T18:03:20.038+0800][1054.478s] GC(7) Concurrent Scan Root Regions
[2020-03-19T18:03:20.040+0800][1054.480s] GC(7) Concurrent Scan Root Regions 1.979ms
[2020-03-19T18:03:20.040+0800][1054.480s] GC(7) Concurrent Mark (1054.480s)
[2020-03-19T18:03:20.040+0800][1054.480s] GC(7) Concurrent Mark From Roots
[2020-03-19T18:03:20.040+0800][1054.480s] GC(7) Using 3 workers of 3 for marking
[2020-03-19T18:03:20.052+0800][1054.492s] GC(7) Concurrent Mark From Roots 11.881ms
[2020-03-19T18:03:20.052+0800][1054.492s] GC(7) Concurrent Preclean
[2020-03-19T18:03:20.052+0800][1054.492s] GC(7) Concurrent Preclean 0.294ms
[2020-03-19T18:03:20.052+0800][1054.492s] GC(7) Concurrent Mark (1054.480s, 1054.492s) 12.262ms
[2020-03-19T18:03:20.052+0800][1054.492s] GC(7) Pause Remark
[2020-03-19T18:03:20.056+0800][1054.495s] GC(7) Cleaned string and symbol table, strings: 20647 processed, 850 removed, symbols: 134134 processed, 70 removed
[2020-03-19T18:03:20.056+0800][1054.496s] GC(7) Pause Remark 35M->35M(512M) 3.579ms
[2020-03-19T18:03:20.056+0800][1054.496s] GC(7) User=0.00s Sys=0.00s Real=0.00s
[2020-03-19T18:03:20.056+0800][1054.496s] GC(7) Concurrent Rebuild Remembered Sets
[2020-03-19T18:03:20.060+0800][1054.500s] GC(7) Concurrent Rebuild Remembered Sets 4.281ms
[2020-03-19T18:03:20.060+0800][1054.500s] GC(7) Pause Cleanup
[2020-03-19T18:03:20.061+0800][1054.500s] GC(7) Pause Cleanup 37M->37M(512M) 0.097ms
[2020-03-19T18:03:20.061+0800][1054.500s] GC(7) User=0.02s Sys=0.02s Real=0.00s
[2020-03-19T18:03:20.061+0800][1054.501s] GC(7) Concurrent Cleanup for Next Mark
[2020-03-19T18:03:20.062+0800][1054.502s] GC(7) Concurrent Cleanup for Next Mark 1.600ms
[2020-03-19T18:03:20.062+0800][1054.502s] GC(7) Concurrent Cycle 24.579ms
[2020-03-19T18:03:20.553+0800][1054.994s] GC(8) Pause Young (Normal) (G1 Evacuation Pause)
[2020-03-19T18:03:20.553+0800][1054.994s] GC(8) Using 10 workers of 10 for evacuation
[2020-03-19T18:03:20.558+0800][1054.998s] GC(8)   Pre Evacuate Collection Set: 0.0ms
[2020-03-19T18:03:20.558+0800][1054.998s] GC(8)   Evacuate Collection Set: 3.8ms
[2020-03-19T18:03:20.558+0800][1054.998s] GC(8)   Post Evacuate Collection Set: 0.5ms
[2020-03-19T18:03:20.558+0800][1054.998s] GC(8)   Other: 0.2ms
[2020-03-19T18:03:20.558+0800][1054.998s] GC(8) Eden regions: 177->0(246)
[2020-03-19T18:03:20.558+0800][1054.998s] GC(8) Survivor regions: 7->10(23)
[2020-03-19T18:03:20.558+0800][1054.998s] GC(8) Old regions: 19->19
[2020-03-19T18:03:20.558+0800][1054.998s] GC(8) Humongous regions: 5->4
[2020-03-19T18:03:20.558+0800][1054.998s] GC(8) Metaspace: 47072K->47072K(1091584K)
[2020-03-19T18:03:20.558+0800][1054.998s] GC(8) Pause Young (Normal) (G1 Evacuation Pause) 207M->32M(512M) 4.584ms
[2020-03-19T18:03:20.558+0800][1054.998s] GC(8) User=0.00s Sys=0.00s Real=0.01s
[2020-03-19T18:06:17.887+0800][1232.328s] GC(9) Pause Young (Normal) (G1 Evacuation Pause)
[2020-03-19T18:06:17.887+0800][1232.328s] GC(9) Using 10 workers of 10 for evacuation
[2020-03-19T18:06:17.895+0800][1232.335s] GC(9)   Pre Evacuate Collection Set: 0.0ms
[2020-03-19T18:06:17.895+0800][1232.336s] GC(9)   Evacuate Collection Set: 4.5ms
[2020-03-19T18:06:17.895+0800][1232.336s] GC(9)   Post Evacuate Collection Set: 2.7ms
[2020-03-19T18:06:17.895+0800][1232.336s] GC(9)   Other: 0.3ms
[2020-03-19T18:06:17.895+0800][1232.336s] GC(9) Eden regions: 246->0(292)
[2020-03-19T18:06:17.895+0800][1232.336s] GC(9) Survivor regions: 10->15(32)
[2020-03-19T18:06:17.895+0800][1232.336s] GC(9) Old regions: 19->19
[2020-03-19T18:06:17.895+0800][1232.336s] GC(9) Humongous regions: 4->4
[2020-03-19T18:06:17.895+0800][1232.336s] GC(9) Metaspace: 54295K->54295K(1097728K)
[2020-03-19T18:06:17.895+0800][1232.336s] GC(9) Pause Young (Normal) (G1 Evacuation Pause) 278M->37M(512M) 7.777ms
[2020-03-19T18:06:17.895+0800][1232.336s] GC(9) User=0.14s Sys=0.02s Real=0.01s
[2020-03-19T18:30:53.353+0800][2707.794s] GC(10) Pause Young (Normal) (G1 Evacuation Pause)
[2020-03-19T18:30:53.353+0800][2707.794s] GC(10) Using 10 workers of 10 for evacuation
[2020-03-19T18:30:53.361+0800][2707.802s] GC(10)   Pre Evacuate Collection Set: 0.0ms
[2020-03-19T18:30:53.361+0800][2707.802s] GC(10)   Evacuate Collection Set: 4.5ms
[2020-03-19T18:30:53.361+0800][2707.802s] GC(10)   Post Evacuate Collection Set: 3.2ms
[2020-03-19T18:30:53.361+0800][2707.802s] GC(10)   Other: 0.2ms
[2020-03-19T18:30:53.361+0800][2707.802s] GC(10) Eden regions: 292->0(291)
[2020-03-19T18:30:53.361+0800][2707.802s] GC(10) Survivor regions: 15->16(39)
[2020-03-19T18:30:53.361+0800][2707.802s] GC(10) Old regions: 19->19
[2020-03-19T18:30:53.361+0800][2707.802s] GC(10) Humongous regions: 4->4
[2020-03-19T18:30:53.361+0800][2707.802s] GC(10) Metaspace: 56579K->56579K(1099776K)
[2020-03-19T18:30:53.361+0800][2707.802s] GC(10) Pause Young (Normal) (G1 Evacuation Pause) 329M->38M(512M) 8.148ms
[2020-03-19T18:30:53.361+0800][2707.802s] GC(10) User=0.11s Sys=0.05s Real=0.01s
