[2020-04-13T15:37:49.968+0800][0.022s] Heap region size: 1M
[2020-04-13T15:37:50.148+0800][0.199s] Using G1
[2020-04-13T15:37:50.148+0800][0.199s] Heap address: 0x00000000e0000000, size: 512 MB, Compressed Oops mode: 32-bit
[2020-04-13T15:37:51.001+0800][1.052s] GC(0) Pause Young (Normal) (G1 Evacuation Pause)
[2020-04-13T15:37:51.001+0800][1.052s] GC(0) Using 10 workers of 10 for evacuation
[2020-04-13T15:37:51.004+0800][1.055s] GC(0)   Pre Evacuate Collection Set: 0.0ms
[2020-04-13T15:37:51.004+0800][1.055s] GC(0)   Evacuate Collection Set: 2.0ms
[2020-04-13T15:37:51.004+0800][1.055s] GC(0)   Post Evacuate Collection Set: 0.4ms
[2020-04-13T15:37:51.004+0800][1.055s] GC(0)   Other: 0.7ms
[2020-04-13T15:37:51.004+0800][1.055s] GC(0) Eden regions: 30->0(303)
[2020-04-13T15:37:51.004+0800][1.055s] GC(0) Survivor regions: 0->4(4)
[2020-04-13T15:37:51.004+0800][1.055s] GC(0) Old regions: 0->0
[2020-04-13T15:37:51.004+0800][1.055s] GC(0) Humongous regions: 0->0
[2020-04-13T15:37:51.004+0800][1.055s] GC(0) Metaspace: 14778K->14778K(1062912K)
[2020-04-13T15:37:51.004+0800][1.055s] GC(0) Pause Young (Normal) (G1 Evacuation Pause) 30M->3M(512M) 3.676ms
[2020-04-13T15:37:51.004+0800][1.055s] GC(0) User=0.00s Sys=0.00s Real=0.00s
[2020-04-13T15:37:51.361+0800][1.412s] GC(1) Pause Young (Concurrent Start) (Metadata GC Threshold)
[2020-04-13T15:37:51.361+0800][1.412s] GC(1) Using 10 workers of 10 for evacuation
[2020-04-13T15:37:51.369+0800][1.420s] GC(1)   Pre Evacuate Collection Set: 0.0ms
[2020-04-13T15:37:51.369+0800][1.421s] GC(1)   Evacuate Collection Set: 8.1ms
[2020-04-13T15:37:51.370+0800][1.421s] GC(1)   Post Evacuate Collection Set: 0.5ms
[2020-04-13T15:37:51.370+0800][1.421s] GC(1)   Other: 0.2ms
[2020-04-13T15:37:51.370+0800][1.421s] GC(1) Eden regions: 21->0(91)
[2020-04-13T15:37:51.370+0800][1.421s] GC(1) Survivor regions: 4->12(39)
[2020-04-13T15:37:51.370+0800][1.421s] GC(1) Old regions: 0->0
[2020-04-13T15:37:51.370+0800][1.421s] GC(1) Humongous regions: 4->4
[2020-04-13T15:37:51.370+0800][1.421s] GC(1) Metaspace: 20727K->20727K(1069056K)
[2020-04-13T15:37:51.370+0800][1.421s] GC(1) Pause Young (Concurrent Start) (Metadata GC Threshold) 28M->15M(512M) 9.137ms
[2020-04-13T15:37:51.370+0800][1.421s] GC(1) User=0.00s Sys=0.00s Real=0.01s
[2020-04-13T15:37:51.370+0800][1.421s] GC(2) Concurrent Cycle
[2020-04-13T15:37:51.370+0800][1.421s] GC(2) Concurrent Clear Claimed Marks
[2020-04-13T15:37:51.370+0800][1.421s] GC(2) Concurrent Clear Claimed Marks 0.030ms
[2020-04-13T15:37:51.370+0800][1.421s] GC(2) Concurrent Scan Root Regions
[2020-04-13T15:37:51.372+0800][1.423s] GC(2) Concurrent Scan Root Regions 2.255ms
[2020-04-13T15:37:51.372+0800][1.423s] GC(2) Concurrent Mark (1.423s)
[2020-04-13T15:37:51.372+0800][1.423s] GC(2) Concurrent Mark From Roots
[2020-04-13T15:37:51.372+0800][1.423s] GC(2) Using 3 workers of 3 for marking
[2020-04-13T15:37:51.373+0800][1.424s] GC(2) Concurrent Mark From Roots 0.708ms
[2020-04-13T15:37:51.373+0800][1.424s] GC(2) Concurrent Preclean
[2020-04-13T15:37:51.373+0800][1.424s] GC(2) Concurrent Preclean 0.149ms
[2020-04-13T15:37:51.373+0800][1.424s] GC(2) Concurrent Mark (1.423s, 1.424s) 0.922ms
[2020-04-13T15:37:51.373+0800][1.424s] GC(2) Pause Remark
[2020-04-13T15:37:51.374+0800][1.425s] GC(2) Cleaned string and symbol table, strings: 10215 processed, 0 removed, symbols: 68036 processed, 11 removed
[2020-04-13T15:37:51.374+0800][1.425s] GC(2) Pause Remark 16M->16M(512M) 1.153ms
[2020-04-13T15:37:51.375+0800][1.426s] GC(2) User=0.00s Sys=0.00s Real=0.00s
[2020-04-13T15:37:51.375+0800][1.426s] GC(2) Concurrent Rebuild Remembered Sets
[2020-04-13T15:37:51.376+0800][1.427s] GC(2) Concurrent Rebuild Remembered Sets 1.431ms
[2020-04-13T15:37:51.376+0800][1.427s] GC(2) Pause Cleanup
[2020-04-13T15:37:51.376+0800][1.427s] GC(2) Pause Cleanup 16M->16M(512M) 0.087ms
[2020-04-13T15:37:51.376+0800][1.427s] GC(2) User=0.00s Sys=0.00s Real=0.00s
[2020-04-13T15:37:51.376+0800][1.427s] GC(2) Concurrent Cleanup for Next Mark
[2020-04-13T15:37:51.377+0800][1.428s] GC(2) Concurrent Cleanup for Next Mark 0.259ms
[2020-04-13T15:37:51.377+0800][1.428s] GC(2) Concurrent Cycle 6.754ms
[2020-04-13T15:37:52.105+0800][2.157s] GC(3) Pause Young (Normal) (G1 Evacuation Pause)
[2020-04-13T15:37:52.105+0800][2.157s] GC(3) Using 10 workers of 10 for evacuation
[2020-04-13T15:37:52.105+0800][2.164s] GC(3)   Pre Evacuate Collection Set: 0.0ms
[2020-04-13T15:37:52.105+0800][2.164s] GC(3)   Evacuate Collection Set: 6.0ms
[2020-04-13T15:37:52.105+0800][2.164s] GC(3)   Post Evacuate Collection Set: 0.5ms
[2020-04-13T15:37:52.105+0800][2.164s] GC(3)   Other: 0.1ms
[2020-04-13T15:37:52.105+0800][2.164s] GC(3) Eden regions: 45->0(69)
[2020-04-13T15:37:52.105+0800][2.164s] GC(3) Survivor regions: 12->8(8)
[2020-04-13T15:37:52.105+0800][2.164s] GC(3) Old regions: 0->12
[2020-04-13T15:37:52.105+0800][2.164s] GC(3) Humongous regions: 4->4
[2020-04-13T15:37:52.105+0800][2.164s] GC(3) Metaspace: 24950K->24950K(1073152K)
[2020-04-13T15:37:52.105+0800][2.164s] GC(3) Pause Young (Normal) (G1 Evacuation Pause) 60M->23M(512M) 6.901ms
[2020-04-13T15:37:52.105+0800][2.164s] GC(3) User=0.00s Sys=0.00s Real=0.00s
[2020-04-13T15:37:52.908+0800][2.958s] GC(4) Pause Young (Normal) (G1 Evacuation Pause)
[2020-04-13T15:37:52.908+0800][2.958s] GC(4) Using 10 workers of 10 for evacuation
[2020-04-13T15:37:52.910+0800][2.961s] GC(4)   Pre Evacuate Collection Set: 0.0ms
[2020-04-13T15:37:52.910+0800][2.961s] GC(4)   Evacuate Collection Set: 1.8ms
[2020-04-13T15:37:52.910+0800][2.961s] GC(4)   Post Evacuate Collection Set: 0.4ms
[2020-04-13T15:37:52.910+0800][2.961s] GC(4)   Other: 0.2ms
[2020-04-13T15:37:52.910+0800][2.961s] GC(4) Eden regions: 69->0(113)
[2020-04-13T15:37:52.910+0800][2.961s] GC(4) Survivor regions: 8->2(10)
[2020-04-13T15:37:52.910+0800][2.961s] GC(4) Old regions: 12->19
[2020-04-13T15:37:52.910+0800][2.961s] GC(4) Humongous regions: 4->4
[2020-04-13T15:37:52.910+0800][2.961s] GC(4) Metaspace: 34616K->34616K(1081344K)
[2020-04-13T15:37:52.910+0800][2.961s] GC(4) Pause Young (Normal) (G1 Evacuation Pause) 92M->24M(512M) 2.649ms
[2020-04-13T15:37:52.910+0800][2.961s] GC(4) User=0.00s Sys=0.00s Real=0.00s
[2020-04-13T15:37:52.966+0800][3.016s] GC(5) Pause Young (Concurrent Start) (Metadata GC Threshold)
[2020-04-13T15:37:52.966+0800][3.016s] GC(5) Using 10 workers of 10 for evacuation
[2020-04-13T15:37:52.968+0800][3.019s] GC(5)   Pre Evacuate Collection Set: 0.0ms
[2020-04-13T15:37:52.969+0800][3.019s] GC(5)   Evacuate Collection Set: 2.2ms
[2020-04-13T15:37:52.969+0800][3.019s] GC(5)   Post Evacuate Collection Set: 0.2ms
[2020-04-13T15:37:52.969+0800][3.019s] GC(5)   Other: 0.2ms
[2020-04-13T15:37:52.969+0800][3.019s] GC(5) Eden regions: 4->0(109)
[2020-04-13T15:37:52.969+0800][3.019s] GC(5) Survivor regions: 2->2(15)
[2020-04-13T15:37:52.969+0800][3.019s] GC(5) Old regions: 19->19
[2020-04-13T15:37:52.969+0800][3.019s] GC(5) Humongous regions: 4->4
[2020-04-13T15:37:52.969+0800][3.019s] GC(5) Metaspace: 35239K->35239K(1081344K)
[2020-04-13T15:37:52.969+0800][3.019s] GC(5) Pause Young (Concurrent Start) (Metadata GC Threshold) 28M->24M(512M) 2.890ms
[2020-04-13T15:37:52.969+0800][3.019s] GC(5) User=0.06s Sys=0.00s Real=0.00s
[2020-04-13T15:37:52.969+0800][3.019s] GC(6) Concurrent Cycle
[2020-04-13T15:37:52.969+0800][3.019s] GC(6) Concurrent Clear Claimed Marks
[2020-04-13T15:37:52.969+0800][3.019s] GC(6) Concurrent Clear Claimed Marks 0.044ms
[2020-04-13T15:37:52.969+0800][3.019s] GC(6) Concurrent Scan Root Regions
[2020-04-13T15:37:52.970+0800][3.021s] GC(6) Concurrent Scan Root Regions 1.373ms
[2020-04-13T15:37:52.970+0800][3.021s] GC(6) Concurrent Mark (3.021s)
[2020-04-13T15:37:52.970+0800][3.021s] GC(6) Concurrent Mark From Roots
[2020-04-13T15:37:52.970+0800][3.021s] GC(6) Using 3 workers of 3 for marking
[2020-04-13T15:37:52.984+0800][3.034s] GC(6) Concurrent Mark From Roots 13.345ms
[2020-04-13T15:37:52.984+0800][3.034s] GC(6) Concurrent Preclean
[2020-04-13T15:37:52.984+0800][3.034s] GC(6) Concurrent Preclean 0.384ms
[2020-04-13T15:37:52.984+0800][3.035s] GC(6) Concurrent Mark (3.021s, 3.035s) 13.895ms
[2020-04-13T15:37:52.984+0800][3.035s] GC(6) Pause Remark
[2020-04-13T15:37:52.986+0800][3.036s] GC(6) Cleaned string and symbol table, strings: 16579 processed, 24 removed, symbols: 115636 processed, 54 removed
[2020-04-13T15:37:52.986+0800][3.037s] GC(6) Pause Remark 25M->25M(512M) 1.877ms
[2020-04-13T15:37:52.986+0800][3.037s] GC(6) User=0.00s Sys=0.00s Real=0.00s
[2020-04-13T15:37:52.986+0800][3.037s] GC(6) Concurrent Rebuild Remembered Sets
[2020-04-13T15:37:52.993+0800][3.043s] GC(6) Concurrent Rebuild Remembered Sets 6.197ms
[2020-04-13T15:37:52.993+0800][3.043s] GC(6) Pause Cleanup
[2020-04-13T15:37:52.993+0800][3.043s] GC(6) Pause Cleanup 26M->26M(512M) 0.114ms
[2020-04-13T15:37:52.993+0800][3.043s] GC(6) User=0.00s Sys=0.00s Real=0.00s
[2020-04-13T15:37:52.993+0800][3.043s] GC(6) Concurrent Cleanup for Next Mark
[2020-04-13T15:37:52.993+0800][3.044s] GC(6) Concurrent Cleanup for Next Mark 0.398ms
[2020-04-13T15:37:52.993+0800][3.044s] GC(6) Concurrent Cycle 24.600ms
[2020-04-13T15:37:58.528+0800][8.578s] GC(7) Pause Young (Concurrent Start) (G1 Evacuation Pause)
[2020-04-13T15:37:58.528+0800][8.578s] GC(7) Using 10 workers of 10 for evacuation
[2020-04-13T15:37:58.532+0800][8.583s] GC(7)   Pre Evacuate Collection Set: 0.0ms
[2020-04-13T15:37:58.532+0800][8.583s] GC(7)   Evacuate Collection Set: 4.3ms
[2020-04-13T15:37:58.532+0800][8.583s] GC(7)   Post Evacuate Collection Set: 0.3ms
[2020-04-13T15:37:58.532+0800][8.583s] GC(7)   Other: 0.2ms
[2020-04-13T15:37:58.533+0800][8.583s] GC(7) Eden regions: 109->0(162)
[2020-04-13T15:37:58.533+0800][8.583s] GC(7) Survivor regions: 2->11(14)
[2020-04-13T15:37:58.533+0800][8.583s] GC(7) Old regions: 19->19
[2020-04-13T15:37:58.533+0800][8.583s] GC(7) Humongous regions: 6->5
[2020-04-13T15:37:58.533+0800][8.583s] GC(7) Metaspace: 43117K->43117K(1087488K)
[2020-04-13T15:37:58.533+0800][8.583s] GC(7) Pause Young (Concurrent Start) (G1 Evacuation Pause) 135M->34M(512M) 5.019ms
[2020-04-13T15:37:58.533+0800][8.583s] GC(7) User=0.08s Sys=0.00s Real=0.00s
[2020-04-13T15:37:58.533+0800][8.584s] GC(8) Concurrent Cycle
[2020-04-13T15:37:58.533+0800][8.584s] GC(8) Concurrent Clear Claimed Marks
[2020-04-13T15:37:58.533+0800][8.584s] GC(8) Concurrent Clear Claimed Marks 0.065ms
[2020-04-13T15:37:58.533+0800][8.584s] GC(8) Concurrent Scan Root Regions
[2020-04-13T15:37:58.535+0800][8.586s] GC(8) Concurrent Scan Root Regions 2.118ms
[2020-04-13T15:37:58.535+0800][8.586s] GC(8) Concurrent Mark (8.586s)
[2020-04-13T15:37:58.535+0800][8.586s] GC(8) Concurrent Mark From Roots
[2020-04-13T15:37:58.535+0800][8.586s] GC(8) Using 3 workers of 3 for marking
[2020-04-13T15:37:58.548+0800][8.599s] GC(8) Concurrent Mark From Roots 13.445ms
[2020-04-13T15:37:58.549+0800][8.599s] GC(8) Concurrent Preclean
[2020-04-13T15:37:58.549+0800][8.599s] GC(8) Concurrent Preclean 0.190ms
[2020-04-13T15:37:58.549+0800][8.600s] GC(8) Concurrent Mark (8.586s, 8.600s) 13.721ms
[2020-04-13T15:37:58.549+0800][8.600s] GC(8) Pause Remark
[2020-04-13T15:37:58.551+0800][8.602s] GC(8) Cleaned string and symbol table, strings: 20105 processed, 0 removed, symbols: 137020 processed, 44 removed
[2020-04-13T15:37:58.551+0800][8.602s] GC(8) Pause Remark 41M->41M(512M) 2.170ms
[2020-04-13T15:37:58.551+0800][8.602s] GC(8) User=0.00s Sys=0.00s Real=0.00s
[2020-04-13T15:37:58.551+0800][8.602s] GC(8) Concurrent Rebuild Remembered Sets
[2020-04-13T15:37:58.556+0800][8.607s] GC(8) Concurrent Rebuild Remembered Sets 5.209ms
[2020-04-13T15:37:58.556+0800][8.607s] GC(8) Pause Cleanup
[2020-04-13T15:37:58.557+0800][8.607s] GC(8) Pause Cleanup 44M->44M(512M) 0.137ms
[2020-04-13T15:37:58.557+0800][8.607s] GC(8) User=0.00s Sys=0.00s Real=0.00s
[2020-04-13T15:37:58.557+0800][8.608s] GC(8) Concurrent Cleanup for Next Mark
[2020-04-13T15:37:58.558+0800][8.608s] GC(8) Concurrent Cleanup for Next Mark 0.910ms
[2020-04-13T15:37:58.558+0800][8.608s] GC(8) Concurrent Cycle 24.973ms
[2020-04-13T15:37:59.063+0800][9.113s] GC(9) Pause Young (Normal) (G1 Evacuation Pause)
[2020-04-13T15:37:59.063+0800][9.113s] GC(9) Using 10 workers of 10 for evacuation
[2020-04-13T15:37:59.067+0800][9.117s] GC(9)   Pre Evacuate Collection Set: 0.0ms
[2020-04-13T15:37:59.067+0800][9.117s] GC(9)   Evacuate Collection Set: 3.2ms
[2020-04-13T15:37:59.067+0800][9.117s] GC(9)   Post Evacuate Collection Set: 0.7ms
[2020-04-13T15:37:59.067+0800][9.117s] GC(9)   Other: 0.3ms
[2020-04-13T15:37:59.067+0800][9.117s] GC(9) Eden regions: 169->0(264)
[2020-04-13T15:37:59.067+0800][9.117s] GC(9) Survivor regions: 11->13(23)
[2020-04-13T15:37:59.067+0800][9.117s] GC(9) Old regions: 19->19
[2020-04-13T15:37:59.067+0800][9.117s] GC(9) Humongous regions: 5->5
[2020-04-13T15:37:59.067+0800][9.118s] GC(9) Metaspace: 45642K->45642K(1091584K)
[2020-04-13T15:37:59.067+0800][9.118s] GC(9) Pause Young (Normal) (G1 Evacuation Pause) 203M->36M(512M) 4.544ms
[2020-04-13T15:37:59.067+0800][9.118s] GC(9) User=0.00s Sys=0.00s Real=0.00s
