[2020-04-04T10:52:52.548+0800][0.116s] Heap region size: 1M
[2020-04-04T10:52:52.832+0800][0.387s] Using G1
[2020-04-04T10:52:52.832+0800][0.387s] Heap address: 0x00000000e0000000, size: 512 MB, Compressed Oops mode: 32-bit
[2020-04-04T10:52:54.135+0800][1.690s] GC(0) Pause Young (Normal) (G1 Evacuation Pause)
[2020-04-04T10:52:54.136+0800][1.691s] GC(0) Using 10 workers of 10 for evacuation
[2020-04-04T10:52:54.140+0800][1.696s] GC(0)   Pre Evacuate Collection Set: 0.0ms
[2020-04-04T10:52:54.140+0800][1.696s] GC(0)   Evacuate Collection Set: 3.8ms
[2020-04-04T10:52:54.140+0800][1.696s] GC(0)   Post Evacuate Collection Set: 0.5ms
[2020-04-04T10:52:54.140+0800][1.696s] GC(0)   Other: 1.0ms
[2020-04-04T10:52:54.140+0800][1.696s] GC(0) Eden regions: 30->0(303)
[2020-04-04T10:52:54.140+0800][1.696s] GC(0) Survivor regions: 0->4(4)
[2020-04-04T10:52:54.141+0800][1.696s] GC(0) Old regions: 0->0
[2020-04-04T10:52:54.141+0800][1.696s] GC(0) Humongous regions: 0->0
[2020-04-04T10:52:54.141+0800][1.696s] GC(0) Metaspace: 15022K->15022K(1062912K)
[2020-04-04T10:52:54.141+0800][1.696s] GC(0) Pause Young (Normal) (G1 Evacuation Pause) 30M->3M(512M) 5.899ms
[2020-04-04T10:52:54.141+0800][1.696s] GC(0) User=0.02s Sys=0.00s Real=0.01s
[2020-04-04T10:52:54.652+0800][2.208s] GC(1) Pause Young (Concurrent Start) (Metadata GC Threshold)
[2020-04-04T10:52:54.652+0800][2.208s] GC(1) Using 10 workers of 10 for evacuation
[2020-04-04T10:52:54.675+0800][2.231s] GC(1)   Pre Evacuate Collection Set: 0.0ms
[2020-04-04T10:52:54.676+0800][2.231s] GC(1)   Evacuate Collection Set: 21.0ms
[2020-04-04T10:52:54.676+0800][2.231s] GC(1)   Post Evacuate Collection Set: 0.9ms
[2020-04-04T10:52:54.676+0800][2.232s] GC(1)   Other: 0.4ms
[2020-04-04T10:52:54.676+0800][2.232s] GC(1) Eden regions: 21->0(73)
[2020-04-04T10:52:54.676+0800][2.232s] GC(1) Survivor regions: 4->12(39)
[2020-04-04T10:52:54.676+0800][2.232s] GC(1) Old regions: 0->0
[2020-04-04T10:52:54.677+0800][2.232s] GC(1) Humongous regions: 4->4
[2020-04-04T10:52:54.677+0800][2.232s] GC(1) Metaspace: 20726K->20726K(1069056K)
[2020-04-04T10:52:54.677+0800][2.232s] GC(1) Pause Young (Concurrent Start) (Metadata GC Threshold) 28M->15M(512M) 23.668ms
[2020-04-04T10:52:54.677+0800][2.232s] GC(1) User=0.22s Sys=0.00s Real=0.03s
[2020-04-04T10:52:54.677+0800][2.232s] GC(2) Concurrent Cycle
[2020-04-04T10:52:54.677+0800][2.232s] GC(2) Concurrent Clear Claimed Marks
[2020-04-04T10:52:54.677+0800][2.232s] GC(2) Concurrent Clear Claimed Marks 0.070ms
[2020-04-04T10:52:54.677+0800][2.232s] GC(2) Concurrent Scan Root Regions
[2020-04-04T10:52:54.682+0800][2.238s] GC(2) Concurrent Scan Root Regions 5.274ms
[2020-04-04T10:52:54.682+0800][2.238s] GC(2) Concurrent Mark (2.238s)
[2020-04-04T10:52:54.683+0800][2.238s] GC(2) Concurrent Mark From Roots
[2020-04-04T10:52:54.683+0800][2.238s] GC(2) Using 3 workers of 3 for marking
[2020-04-04T10:52:54.685+0800][2.240s] GC(2) Concurrent Mark From Roots 2.518ms
[2020-04-04T10:52:54.685+0800][2.240s] GC(2) Concurrent Preclean
[2020-04-04T10:52:54.685+0800][2.241s] GC(2) Concurrent Preclean 0.370ms
[2020-04-04T10:52:54.686+0800][2.241s] GC(2) Concurrent Mark (2.238s, 2.241s) 3.116ms
[2020-04-04T10:52:54.686+0800][2.241s] GC(2) Pause Remark
[2020-04-04T10:52:54.688+0800][2.243s] GC(2) Cleaned string and symbol table, strings: 10182 processed, 0 removed, symbols: 68035 processed, 11 removed
[2020-04-04T10:52:54.688+0800][2.243s] GC(2) Pause Remark 16M->16M(512M) 2.448ms
[2020-04-04T10:52:54.688+0800][2.244s] GC(2) User=0.00s Sys=0.00s Real=0.00s
[2020-04-04T10:52:54.688+0800][2.244s] GC(2) Concurrent Rebuild Remembered Sets
[2020-04-04T10:52:54.692+0800][2.248s] GC(2) Concurrent Rebuild Remembered Sets 4.148ms
[2020-04-04T10:52:54.693+0800][2.248s] GC(2) Pause Cleanup
[2020-04-04T10:52:54.693+0800][2.249s] GC(2) Pause Cleanup 16M->16M(512M) 0.232ms
[2020-04-04T10:52:54.693+0800][2.249s] GC(2) User=0.00s Sys=0.00s Real=0.00s
[2020-04-04T10:52:54.693+0800][2.249s] GC(2) Concurrent Cleanup for Next Mark
[2020-04-04T10:52:54.694+0800][2.249s] GC(2) Concurrent Cleanup for Next Mark 0.511ms
[2020-04-04T10:52:54.694+0800][2.250s] GC(2) Concurrent Cycle 17.553ms
[2020-04-04T10:52:55.825+0800][3.380s] GC(3) Pause Young (Normal) (G1 Evacuation Pause)
[2020-04-04T10:52:55.825+0800][3.380s] GC(3) Using 10 workers of 10 for evacuation
[2020-04-04T10:52:55.833+0800][3.389s] GC(3)   Pre Evacuate Collection Set: 0.0ms
[2020-04-04T10:52:55.833+0800][3.389s] GC(3)   Evacuate Collection Set: 8.0ms
[2020-04-04T10:52:55.833+0800][3.389s] GC(3)   Post Evacuate Collection Set: 0.7ms
[2020-04-04T10:52:55.834+0800][3.389s] GC(3)   Other: 0.2ms
[2020-04-04T10:52:55.834+0800][3.389s] GC(3) Eden regions: 36->0(63)
[2020-04-04T10:52:55.834+0800][3.389s] GC(3) Survivor regions: 12->6(6)
[2020-04-04T10:52:55.834+0800][3.389s] GC(3) Old regions: 0->14
[2020-04-04T10:52:55.834+0800][3.389s] GC(3) Humongous regions: 4->4
[2020-04-04T10:52:55.834+0800][3.389s] GC(3) Metaspace: 23890K->23890K(1071104K)
[2020-04-04T10:52:55.834+0800][3.389s] GC(3) Pause Young (Normal) (G1 Evacuation Pause) 51M->23M(512M) 9.184ms
[2020-04-04T10:52:55.834+0800][3.389s] GC(3) User=0.17s Sys=0.00s Real=0.01s
[2020-04-04T10:52:56.935+0800][4.491s] GC(4) Pause Young (Normal) (G1 Evacuation Pause)
[2020-04-04T10:52:56.935+0800][4.491s] GC(4) Using 10 workers of 10 for evacuation
[2020-04-04T10:52:56.937+0800][4.493s] GC(4)   Pre Evacuate Collection Set: 0.0ms
[2020-04-04T10:52:56.937+0800][4.493s] GC(4)   Evacuate Collection Set: 1.4ms
[2020-04-04T10:52:56.937+0800][4.493s] GC(4)   Post Evacuate Collection Set: 0.6ms
[2020-04-04T10:52:56.937+0800][4.493s] GC(4)   Other: 0.2ms
[2020-04-04T10:52:56.937+0800][4.493s] GC(4) Eden regions: 63->0(106)
[2020-04-04T10:52:56.937+0800][4.493s] GC(4) Survivor regions: 6->2(9)
[2020-04-04T10:52:56.937+0800][4.493s] GC(4) Old regions: 14->19
[2020-04-04T10:52:56.937+0800][4.493s] GC(4) Humongous regions: 4->4
[2020-04-04T10:52:56.937+0800][4.493s] GC(4) Metaspace: 31529K->31529K(1077248K)
[2020-04-04T10:52:56.937+0800][4.493s] GC(4) Pause Young (Normal) (G1 Evacuation Pause) 86M->24M(512M) 2.371ms
[2020-04-04T10:52:56.937+0800][4.493s] GC(4) User=0.16s Sys=0.00s Real=0.00s
[2020-04-04T10:52:57.276+0800][4.831s] GC(5) Pause Young (Concurrent Start) (Metadata GC Threshold)
[2020-04-04T10:52:57.276+0800][4.831s] GC(5) Using 10 workers of 10 for evacuation
[2020-04-04T10:52:57.279+0800][4.835s] GC(5)   Pre Evacuate Collection Set: 0.0ms
[2020-04-04T10:52:57.279+0800][4.835s] GC(5)   Evacuate Collection Set: 2.8ms
[2020-04-04T10:52:57.279+0800][4.835s] GC(5)   Post Evacuate Collection Set: 0.4ms
[2020-04-04T10:52:57.279+0800][4.835s] GC(5)   Other: 0.2ms
[2020-04-04T10:52:57.279+0800][4.835s] GC(5) Eden regions: 19->0(117)
[2020-04-04T10:52:57.279+0800][4.835s] GC(5) Survivor regions: 2->2(14)
[2020-04-04T10:52:57.279+0800][4.835s] GC(5) Old regions: 19->19
[2020-04-04T10:52:57.279+0800][4.835s] GC(5) Humongous regions: 4->4
[2020-04-04T10:52:57.279+0800][4.835s] GC(5) Metaspace: 35259K->35259K(1081344K)
[2020-04-04T10:52:57.279+0800][4.835s] GC(5) Pause Young (Concurrent Start) (Metadata GC Threshold) 42M->24M(512M) 3.725ms
[2020-04-04T10:52:57.279+0800][4.835s] GC(5) User=0.00s Sys=0.00s Real=0.00s
[2020-04-04T10:52:57.279+0800][4.835s] GC(6) Concurrent Cycle
[2020-04-04T10:52:57.279+0800][4.835s] GC(6) Concurrent Clear Claimed Marks
[2020-04-04T10:52:57.279+0800][4.835s] GC(6) Concurrent Clear Claimed Marks 0.038ms
[2020-04-04T10:52:57.279+0800][4.835s] GC(6) Concurrent Scan Root Regions
[2020-04-04T10:52:57.281+0800][4.836s] GC(6) Concurrent Scan Root Regions 1.286ms
[2020-04-04T10:52:57.281+0800][4.836s] GC(6) Concurrent Mark (4.836s)
[2020-04-04T10:52:57.281+0800][4.837s] GC(6) Concurrent Mark From Roots
[2020-04-04T10:52:57.281+0800][4.837s] GC(6) Using 3 workers of 3 for marking
[2020-04-04T10:52:57.298+0800][4.854s] GC(6) Concurrent Mark From Roots 17.882ms
[2020-04-04T10:52:57.298+0800][4.854s] GC(6) Concurrent Preclean
[2020-04-04T10:52:57.299+0800][4.855s] GC(6) Concurrent Preclean 0.258ms
[2020-04-04T10:52:57.299+0800][4.855s] GC(6) Concurrent Mark (4.836s, 4.855s) 18.285ms
[2020-04-04T10:52:57.300+0800][4.855s] GC(6) Pause Remark
[2020-04-04T10:52:57.302+0800][4.857s] GC(6) Cleaned string and symbol table, strings: 16615 processed, 23 removed, symbols: 115672 processed, 54 removed
[2020-04-04T10:52:57.302+0800][4.857s] GC(6) Pause Remark 26M->26M(512M) 2.105ms
[2020-04-04T10:52:57.302+0800][4.857s] GC(6) User=0.00s Sys=0.00s Real=0.00s
[2020-04-04T10:52:57.302+0800][4.857s] GC(6) Concurrent Rebuild Remembered Sets
[2020-04-04T10:52:57.308+0800][4.864s] GC(6) Concurrent Rebuild Remembered Sets 7.067ms
[2020-04-04T10:52:57.309+0800][4.865s] GC(6) Pause Cleanup
[2020-04-04T10:52:57.309+0800][4.865s] GC(6) Pause Cleanup 26M->26M(512M) 0.228ms
[2020-04-04T10:52:57.309+0800][4.865s] GC(6) User=0.00s Sys=0.00s Real=0.00s
[2020-04-04T10:52:57.309+0800][4.865s] GC(6) Concurrent Cleanup for Next Mark
[2020-04-04T10:52:57.309+0800][4.865s] GC(6) Concurrent Cleanup for Next Mark 0.464ms
[2020-04-04T10:52:57.310+0800][4.865s] GC(6) Concurrent Cycle 30.456ms
[2020-04-04T10:53:03.283+0800][10.838s] GC(7) Pause Young (Concurrent Start) (G1 Evacuation Pause)
[2020-04-04T10:53:03.283+0800][10.838s] GC(7) Using 10 workers of 10 for evacuation
[2020-04-04T10:53:03.292+0800][10.848s] GC(7)   Pre Evacuate Collection Set: 0.1ms
[2020-04-04T10:53:03.292+0800][10.848s] GC(7)   Evacuate Collection Set: 8.5ms
[2020-04-04T10:53:03.292+0800][10.848s] GC(7)   Post Evacuate Collection Set: 0.8ms
[2020-04-04T10:53:03.292+0800][10.848s] GC(7)   Other: 0.4ms
[2020-04-04T10:53:03.292+0800][10.848s] GC(7) Eden regions: 117->0(177)
[2020-04-04T10:53:03.292+0800][10.848s] GC(7) Survivor regions: 2->11(15)
[2020-04-04T10:53:03.292+0800][10.848s] GC(7) Old regions: 19->19
[2020-04-04T10:53:03.292+0800][10.848s] GC(7) Humongous regions: 6->5
[2020-04-04T10:53:03.292+0800][10.848s] GC(7) Metaspace: 42497K->42497K(1087488K)
[2020-04-04T10:53:03.293+0800][10.848s] GC(7) Pause Young (Concurrent Start) (G1 Evacuation Pause) 143M->34M(512M) 9.991ms
[2020-04-04T10:53:03.293+0800][10.848s] GC(7) User=0.00s Sys=0.00s Real=0.01s
[2020-04-04T10:53:03.293+0800][10.848s] GC(8) Concurrent Cycle
[2020-04-04T10:53:03.293+0800][10.848s] GC(8) Concurrent Clear Claimed Marks
[2020-04-04T10:53:03.293+0800][10.848s] GC(8) Concurrent Clear Claimed Marks 0.090ms
[2020-04-04T10:53:03.293+0800][10.849s] GC(8) Concurrent Scan Root Regions
[2020-04-04T10:53:03.296+0800][10.852s] GC(8) Concurrent Scan Root Regions 3.439ms
[2020-04-04T10:53:03.296+0800][10.852s] GC(8) Concurrent Mark (10.852s)
[2020-04-04T10:53:03.296+0800][10.852s] GC(8) Concurrent Mark From Roots
[2020-04-04T10:53:03.296+0800][10.852s] GC(8) Using 3 workers of 3 for marking
[2020-04-04T10:53:03.313+0800][10.869s] GC(8) Concurrent Mark From Roots 16.689ms
[2020-04-04T10:53:03.313+0800][10.869s] GC(8) Concurrent Preclean
[2020-04-04T10:53:03.314+0800][10.869s] GC(8) Concurrent Preclean 0.318ms
[2020-04-04T10:53:03.314+0800][10.869s] GC(8) Concurrent Mark (10.852s, 10.869s) 17.158ms
[2020-04-04T10:53:03.314+0800][10.869s] GC(8) Pause Remark
[2020-04-04T10:53:03.317+0800][10.872s] GC(8) Cleaned string and symbol table, strings: 19915 processed, 0 removed, symbols: 136490 processed, 44 removed
[2020-04-04T10:53:03.317+0800][10.872s] GC(8) Pause Remark 36M->36M(512M) 3.067ms
[2020-04-04T10:53:03.317+0800][10.873s] GC(8) User=0.00s Sys=0.00s Real=0.00s
[2020-04-04T10:53:03.317+0800][10.873s] GC(8) Concurrent Rebuild Remembered Sets
[2020-04-04T10:53:03.328+0800][10.883s] GC(8) Concurrent Rebuild Remembered Sets 10.676ms
[2020-04-04T10:53:03.329+0800][10.884s] GC(8) Pause Cleanup
[2020-04-04T10:53:03.329+0800][10.884s] GC(8) Pause Cleanup 37M->37M(512M) 0.150ms
[2020-04-04T10:53:03.329+0800][10.884s] GC(8) User=0.00s Sys=0.00s Real=0.00s
[2020-04-04T10:53:03.329+0800][10.884s] GC(8) Concurrent Cleanup for Next Mark
[2020-04-04T10:53:03.329+0800][10.884s] GC(8) Concurrent Cleanup for Next Mark 0.374ms
[2020-04-04T10:53:03.329+0800][10.884s] GC(8) Concurrent Cycle 36.090ms
[2020-04-04T10:53:04.161+0800][11.716s] GC(9) Pause Young (Normal) (G1 Evacuation Pause)
[2020-04-04T10:53:04.161+0800][11.716s] GC(9) Using 10 workers of 10 for evacuation
[2020-04-04T10:53:04.166+0800][11.721s] GC(9)   Pre Evacuate Collection Set: 0.0ms
[2020-04-04T10:53:04.166+0800][11.722s] GC(9)   Evacuate Collection Set: 4.5ms
[2020-04-04T10:53:04.166+0800][11.722s] GC(9)   Post Evacuate Collection Set: 0.6ms
[2020-04-04T10:53:04.166+0800][11.722s] GC(9)   Other: 0.2ms
[2020-04-04T10:53:04.166+0800][11.722s] GC(9) Eden regions: 183->0(295)
[2020-04-04T10:53:04.166+0800][11.722s] GC(9) Survivor regions: 11->12(25)
[2020-04-04T10:53:04.166+0800][11.722s] GC(9) Old regions: 19->19
[2020-04-04T10:53:04.166+0800][11.722s] GC(9) Humongous regions: 5->5
[2020-04-04T10:53:04.166+0800][11.722s] GC(9) Metaspace: 46585K->46585K(1091584K)
[2020-04-04T10:53:04.166+0800][11.722s] GC(9) Pause Young (Normal) (G1 Evacuation Pause) 217M->35M(512M) 5.607ms
[2020-04-04T10:53:04.166+0800][11.722s] GC(9) User=0.00s Sys=0.00s Real=0.00s
