[2020-03-19T10:42:58.793+0800][0.047s] Heap region size: 1M
[2020-03-19T10:42:59.068+0800][0.322s] Using G1
[2020-03-19T10:42:59.068+0800][0.322s] Heap address: 0x00000000e0000000, size: 512 MB, Compressed Oops mode: 32-bit
[2020-03-19T10:43:00.611+0800][1.866s] GC(0) Pause Young (Normal) (G1 Evacuation Pause)
[2020-03-19T10:43:00.612+0800][1.866s] GC(0) Using 10 workers of 10 for evacuation
[2020-03-19T10:43:00.616+0800][1.870s] GC(0)   Pre Evacuate Collection Set: 0.0ms
[2020-03-19T10:43:00.616+0800][1.870s] GC(0)   Evacuate Collection Set: 3.4ms
[2020-03-19T10:43:00.616+0800][1.870s] GC(0)   Post Evacuate Collection Set: 0.5ms
[2020-03-19T10:43:00.616+0800][1.871s] GC(0)   Other: 1.0ms
[2020-03-19T10:43:00.616+0800][1.871s] GC(0) Eden regions: 30->0(303)
[2020-03-19T10:43:00.616+0800][1.871s] GC(0) Survivor regions: 0->4(4)
[2020-03-19T10:43:00.616+0800][1.871s] GC(0) Old regions: 0->0
[2020-03-19T10:43:00.616+0800][1.871s] GC(0) Humongous regions: 0->0
[2020-03-19T10:43:00.616+0800][1.871s] GC(0) Metaspace: 15163K->15163K(1062912K)
[2020-03-19T10:43:00.617+0800][1.871s] GC(0) Pause Young (Normal) (G1 Evacuation Pause) 30M->3M(512M) 5.366ms
[2020-03-19T10:43:00.617+0800][1.871s] GC(0) User=0.00s Sys=0.00s Real=0.01s
[2020-03-19T10:43:01.097+0800][2.351s] GC(1) Pause Young (Concurrent Start) (Metadata GC Threshold)
[2020-03-19T10:43:01.097+0800][2.351s] GC(1) Using 10 workers of 10 for evacuation
[2020-03-19T10:43:01.112+0800][2.366s] GC(1)   Pre Evacuate Collection Set: 0.0ms
[2020-03-19T10:43:01.112+0800][2.366s] GC(1)   Evacuate Collection Set: 14.1ms
[2020-03-19T10:43:01.113+0800][2.366s] GC(1)   Post Evacuate Collection Set: 0.6ms
[2020-03-19T10:43:01.113+0800][2.366s] GC(1)   Other: 0.5ms
[2020-03-19T10:43:01.113+0800][2.366s] GC(1) Eden regions: 19->0(64)
[2020-03-19T10:43:01.113+0800][2.367s] GC(1) Survivor regions: 4->12(39)
[2020-03-19T10:43:01.113+0800][2.367s] GC(1) Old regions: 0->0
[2020-03-19T10:43:01.113+0800][2.367s] GC(1) Humongous regions: 4->4
[2020-03-19T10:43:01.113+0800][2.367s] GC(1) Metaspace: 20719K->20719K(1069056K)
[2020-03-19T10:43:01.113+0800][2.367s] GC(1) Pause Young (Concurrent Start) (Metadata GC Threshold) 26M->15M(512M) 15.391ms
[2020-03-19T10:43:01.113+0800][2.367s] GC(1) User=0.16s Sys=0.00s Real=0.02s
[2020-03-19T10:43:01.113+0800][2.367s] GC(2) Concurrent Cycle
[2020-03-19T10:43:01.113+0800][2.367s] GC(2) Concurrent Clear Claimed Marks
[2020-03-19T10:43:01.113+0800][2.367s] GC(2) Concurrent Clear Claimed Marks 0.051ms
[2020-03-19T10:43:01.113+0800][2.367s] GC(2) Concurrent Scan Root Regions
[2020-03-19T10:43:01.117+0800][2.371s] GC(2) Concurrent Scan Root Regions 3.685ms
[2020-03-19T10:43:01.117+0800][2.371s] GC(2) Concurrent Mark (2.371s)
[2020-03-19T10:43:01.117+0800][2.371s] GC(2) Concurrent Mark From Roots
[2020-03-19T10:43:01.117+0800][2.371s] GC(2) Using 3 workers of 3 for marking
[2020-03-19T10:43:01.118+0800][2.372s] GC(2) Concurrent Mark From Roots 0.960ms
[2020-03-19T10:43:01.118+0800][2.372s] GC(2) Concurrent Preclean
[2020-03-19T10:43:01.118+0800][2.372s] GC(2) Concurrent Preclean 0.181ms
[2020-03-19T10:43:01.118+0800][2.372s] GC(2) Concurrent Mark (2.371s, 2.372s) 1.225ms
[2020-03-19T10:43:01.118+0800][2.372s] GC(2) Pause Remark
[2020-03-19T10:43:01.120+0800][2.374s] GC(2) Cleaned string and symbol table, strings: 10174 processed, 0 removed, symbols: 68030 processed, 11 removed
[2020-03-19T10:43:01.120+0800][2.374s] GC(2) Pause Remark 16M->16M(512M) 1.769ms
[2020-03-19T10:43:01.120+0800][2.374s] GC(2) User=0.00s Sys=0.00s Real=0.00s
[2020-03-19T10:43:01.120+0800][2.374s] GC(2) Concurrent Rebuild Remembered Sets
[2020-03-19T10:43:01.122+0800][2.376s] GC(2) Concurrent Rebuild Remembered Sets 1.789ms
[2020-03-19T10:43:01.122+0800][2.376s] GC(2) Pause Cleanup
[2020-03-19T10:43:01.122+0800][2.376s] GC(2) Pause Cleanup 16M->16M(512M) 0.141ms
[2020-03-19T10:43:01.122+0800][2.376s] GC(2) User=0.00s Sys=0.00s Real=0.00s
[2020-03-19T10:43:01.122+0800][2.376s] GC(2) Concurrent Cleanup for Next Mark
[2020-03-19T10:43:01.122+0800][2.377s] GC(2) Concurrent Cleanup for Next Mark 0.342ms
[2020-03-19T10:43:01.122+0800][2.377s] GC(2) Concurrent Cycle 9.883ms
[2020-03-19T10:43:02.229+0800][3.483s] GC(3) Pause Young (Normal) (G1 Evacuation Pause)
[2020-03-19T10:43:02.229+0800][3.483s] GC(3) Using 10 workers of 10 for evacuation
[2020-03-19T10:43:02.240+0800][3.497s] GC(3)   Pre Evacuate Collection Set: 0.0ms
[2020-03-19T10:43:02.240+0800][3.497s] GC(3)   Evacuate Collection Set: 12.5ms
[2020-03-19T10:43:02.240+0800][3.497s] GC(3)   Post Evacuate Collection Set: 1.1ms
[2020-03-19T10:43:02.240+0800][3.497s] GC(3)   Other: 0.3ms
[2020-03-19T10:43:02.240+0800][3.497s] GC(3) Eden regions: 35->0(62)
[2020-03-19T10:43:02.240+0800][3.497s] GC(3) Survivor regions: 12->6(6)
[2020-03-19T10:43:02.240+0800][3.497s] GC(3) Old regions: 0->13
[2020-03-19T10:43:02.240+0800][3.497s] GC(3) Humongous regions: 4->4
[2020-03-19T10:43:02.240+0800][3.497s] GC(3) Metaspace: 24159K->24159K(1071104K)
[2020-03-19T10:43:02.240+0800][3.497s] GC(3) Pause Young (Normal) (G1 Evacuation Pause) 50M->22M(512M) 14.120ms
[2020-03-19T10:43:02.240+0800][3.497s] GC(3) User=0.16s Sys=0.00s Real=0.01s
[2020-03-19T10:43:03.618+0800][4.871s] GC(4) Pause Young (Normal) (G1 Evacuation Pause)
[2020-03-19T10:43:03.618+0800][4.871s] GC(4) Using 10 workers of 10 for evacuation
[2020-03-19T10:43:03.619+0800][4.874s] GC(4)   Pre Evacuate Collection Set: 0.0ms
[2020-03-19T10:43:03.619+0800][4.874s] GC(4)   Evacuate Collection Set: 1.8ms
[2020-03-19T10:43:03.619+0800][4.874s] GC(4)   Post Evacuate Collection Set: 0.5ms
[2020-03-19T10:43:03.619+0800][4.874s] GC(4)   Other: 0.2ms
[2020-03-19T10:43:03.619+0800][4.874s] GC(4) Eden regions: 62->0(105)
[2020-03-19T10:43:03.619+0800][4.874s] GC(4) Survivor regions: 6->2(9)
[2020-03-19T10:43:03.619+0800][4.874s] GC(4) Old regions: 13->19
[2020-03-19T10:43:03.619+0800][4.874s] GC(4) Humongous regions: 4->4
[2020-03-19T10:43:03.619+0800][4.874s] GC(4) Metaspace: 31610K->31610K(1077248K)
[2020-03-19T10:43:03.620+0800][4.874s] GC(4) Pause Young (Normal) (G1 Evacuation Pause) 84M->23M(512M) 2.903ms
[2020-03-19T10:43:03.620+0800][4.874s] GC(4) User=0.00s Sys=0.00s Real=0.00s
[2020-03-19T10:43:03.962+0800][5.216s] GC(5) Pause Young (Concurrent Start) (Metadata GC Threshold)
[2020-03-19T10:43:03.962+0800][5.216s] GC(5) Using 10 workers of 10 for evacuation
[2020-03-19T10:43:03.966+0800][5.220s] GC(5)   Pre Evacuate Collection Set: 0.0ms
[2020-03-19T10:43:03.966+0800][5.220s] GC(5)   Evacuate Collection Set: 3.5ms
[2020-03-19T10:43:03.966+0800][5.220s] GC(5)   Post Evacuate Collection Set: 0.3ms
[2020-03-19T10:43:03.966+0800][5.220s] GC(5)   Other: 0.2ms
[2020-03-19T10:43:03.966+0800][5.220s] GC(5) Eden regions: 15->0(115)
[2020-03-19T10:43:03.966+0800][5.220s] GC(5) Survivor regions: 2->2(14)
[2020-03-19T10:43:03.966+0800][5.220s] GC(5) Old regions: 19->19
[2020-03-19T10:43:03.966+0800][5.220s] GC(5) Humongous regions: 4->4
[2020-03-19T10:43:03.966+0800][5.220s] GC(5) Metaspace: 35206K->35206K(1081344K)
[2020-03-19T10:43:03.966+0800][5.220s] GC(5) Pause Young (Concurrent Start) (Metadata GC Threshold) 38M->24M(512M) 4.405ms
[2020-03-19T10:43:03.966+0800][5.220s] GC(5) User=0.00s Sys=0.00s Real=0.00s
[2020-03-19T10:43:03.966+0800][5.220s] GC(6) Concurrent Cycle
[2020-03-19T10:43:03.966+0800][5.220s] GC(6) Concurrent Clear Claimed Marks
[2020-03-19T10:43:03.966+0800][5.220s] GC(6) Concurrent Clear Claimed Marks 0.054ms
[2020-03-19T10:43:03.966+0800][5.220s] GC(6) Concurrent Scan Root Regions
[2020-03-19T10:43:03.968+0800][5.222s] GC(6) Concurrent Scan Root Regions 1.686ms
[2020-03-19T10:43:03.968+0800][5.222s] GC(6) Concurrent Mark (5.222s)
[2020-03-19T10:43:03.968+0800][5.222s] GC(6) Concurrent Mark From Roots
[2020-03-19T10:43:03.968+0800][5.222s] GC(6) Using 3 workers of 3 for marking
[2020-03-19T10:43:03.988+0800][5.243s] GC(6) Concurrent Mark From Roots 20.464ms
[2020-03-19T10:43:03.988+0800][5.243s] GC(6) Concurrent Preclean
[2020-03-19T10:43:03.989+0800][5.243s] GC(6) Concurrent Preclean 0.379ms
[2020-03-19T10:43:03.989+0800][5.243s] GC(6) Concurrent Mark (5.222s, 5.243s) 21.010ms
[2020-03-19T10:43:03.989+0800][5.243s] GC(6) Pause Remark
[2020-03-19T10:43:03.992+0800][5.246s] GC(6) Cleaned string and symbol table, strings: 16565 processed, 24 removed, symbols: 115063 processed, 54 removed
[2020-03-19T10:43:03.992+0800][5.246s] GC(6) Pause Remark 25M->25M(512M) 3.075ms
[2020-03-19T10:43:03.992+0800][5.246s] GC(6) User=0.00s Sys=0.00s Real=0.00s
[2020-03-19T10:43:03.992+0800][5.246s] GC(6) Concurrent Rebuild Remembered Sets
[2020-03-19T10:43:04.001+0800][5.255s] GC(6) Concurrent Rebuild Remembered Sets 8.300ms
[2020-03-19T10:43:04.001+0800][5.255s] GC(6) Pause Cleanup
[2020-03-19T10:43:04.002+0800][5.255s] GC(6) Pause Cleanup 26M->26M(512M) 0.474ms
[2020-03-19T10:43:04.002+0800][5.256s] GC(6) User=0.00s Sys=0.00s Real=0.00s
[2020-03-19T10:43:04.002+0800][5.256s] GC(6) Concurrent Cleanup for Next Mark
[2020-03-19T10:43:04.002+0800][5.256s] GC(6) Concurrent Cleanup for Next Mark 0.450ms
[2020-03-19T10:43:04.002+0800][5.256s] GC(6) Concurrent Cycle 35.998ms
[2020-03-19T11:38:19.822+0800][3321.076s] Heap
[2020-03-19T11:38:19.822+0800][3321.076s]  garbage-first heap   total 524288K, used 108731K [0x00000000e0000000, 0x0000000100000000)
[2020-03-19T11:38:19.822+0800][3321.076s]   region size 1024K, 85 young (87040K), 2 survivors (2048K)
[2020-03-19T11:38:19.822+0800][3321.076s]  Metaspace       used 41933K, capacity 42938K, committed 43164K, reserved 1087488K
[2020-03-19T11:38:19.822+0800][3321.076s]   class space    used 4669K, capacity 5062K, committed 5196K, reserved 1048576K
