[2020-03-19T09:32:12.248+0800][0.028s] Heap region size: 1M
[2020-03-19T09:32:12.451+0800][0.240s] Using G1
[2020-03-19T09:32:12.451+0800][0.241s] Heap address: 0x00000000e0000000, size: 512 MB, Compressed Oops mode: 32-bit
[2020-03-19T09:32:13.482+0800][1.275s] GC(0) Pause Young (Normal) (G1 Evacuation Pause)
[2020-03-19T09:32:13.482+0800][1.275s] GC(0) Using 10 workers of 10 for evacuation
[2020-03-19T09:32:13.498+0800][1.279s] GC(0)   Pre Evacuate Collection Set: 0.0ms
[2020-03-19T09:32:13.498+0800][1.279s] GC(0)   Evacuate Collection Set: 2.8ms
[2020-03-19T09:32:13.498+0800][1.279s] GC(0)   Post Evacuate Collection Set: 0.5ms
[2020-03-19T09:32:13.498+0800][1.279s] GC(0)   Other: 0.6ms
[2020-03-19T09:32:13.498+0800][1.279s] GC(0) Eden regions: 30->0(303)
[2020-03-19T09:32:13.498+0800][1.279s] GC(0) Survivor regions: 0->4(4)
[2020-03-19T09:32:13.498+0800][1.279s] GC(0) Old regions: 0->0
[2020-03-19T09:32:13.498+0800][1.279s] GC(0) Humongous regions: 0->0
[2020-03-19T09:32:13.498+0800][1.279s] GC(0) Metaspace: 15547K->15547K(1062912K)
[2020-03-19T09:32:13.498+0800][1.279s] GC(0) Pause Young (Normal) (G1 Evacuation Pause) 30M->3M(512M) 4.330ms
[2020-03-19T09:32:13.498+0800][1.279s] GC(0) User=0.17s Sys=0.00s Real=0.02s
[2020-03-19T09:32:13.810+0800][1.591s] GC(1) Pause Young (Concurrent Start) (Metadata GC Threshold)
[2020-03-19T09:32:13.810+0800][1.592s] GC(1) Using 10 workers of 10 for evacuation
[2020-03-19T09:32:13.826+0800][1.611s] GC(1)   Pre Evacuate Collection Set: 0.0ms
[2020-03-19T09:32:13.826+0800][1.611s] GC(1)   Evacuate Collection Set: 18.3ms
[2020-03-19T09:32:13.826+0800][1.611s] GC(1)   Post Evacuate Collection Set: 0.6ms
[2020-03-19T09:32:13.826+0800][1.611s] GC(1)   Other: 0.5ms
[2020-03-19T09:32:13.826+0800][1.611s] GC(1) Eden regions: 20->0(62)
[2020-03-19T09:32:13.826+0800][1.611s] GC(1) Survivor regions: 4->12(39)
[2020-03-19T09:32:13.826+0800][1.611s] GC(1) Old regions: 0->0
[2020-03-19T09:32:13.826+0800][1.611s] GC(1) Humongous regions: 4->4
[2020-03-19T09:32:13.826+0800][1.611s] GC(1) Metaspace: 20715K->20715K(1069056K)
[2020-03-19T09:32:13.826+0800][1.611s] GC(1) Pause Young (Concurrent Start) (Metadata GC Threshold) 27M->15M(512M) 19.689ms
[2020-03-19T09:32:13.826+0800][1.611s] GC(1) User=0.16s Sys=0.00s Real=0.02s
[2020-03-19T09:32:13.826+0800][1.611s] GC(2) Concurrent Cycle
[2020-03-19T09:32:13.826+0800][1.611s] GC(2) Concurrent Clear Claimed Marks
[2020-03-19T09:32:13.826+0800][1.611s] GC(2) Concurrent Clear Claimed Marks 0.030ms
[2020-03-19T09:32:13.826+0800][1.612s] GC(2) Concurrent Scan Root Regions
[2020-03-19T09:32:13.826+0800][1.614s] GC(2) Concurrent Scan Root Regions 2.911ms
[2020-03-19T09:32:13.826+0800][1.614s] GC(2) Concurrent Mark (1.614s)
[2020-03-19T09:32:13.826+0800][1.615s] GC(2) Concurrent Mark From Roots
[2020-03-19T09:32:13.826+0800][1.615s] GC(2) Using 3 workers of 3 for marking
[2020-03-19T09:32:13.826+0800][1.615s] GC(2) Concurrent Mark From Roots 0.699ms
[2020-03-19T09:32:13.826+0800][1.615s] GC(2) Concurrent Preclean
[2020-03-19T09:32:13.826+0800][1.615s] GC(2) Concurrent Preclean 0.128ms
[2020-03-19T09:32:13.826+0800][1.615s] GC(2) Concurrent Mark (1.614s, 1.615s) 0.912ms
[2020-03-19T09:32:13.826+0800][1.616s] GC(2) Pause Remark
[2020-03-19T09:32:13.826+0800][1.617s] GC(2) Cleaned string and symbol table, strings: 10164 processed, 0 removed, symbols: 67960 processed, 11 removed
[2020-03-19T09:32:13.826+0800][1.617s] GC(2) Pause Remark 16M->16M(512M) 1.632ms
[2020-03-19T09:32:13.826+0800][1.617s] GC(2) User=0.00s Sys=0.00s Real=0.00s
[2020-03-19T09:32:13.826+0800][1.617s] GC(2) Concurrent Rebuild Remembered Sets
[2020-03-19T09:32:13.826+0800][1.620s] GC(2) Concurrent Rebuild Remembered Sets 2.338ms
[2020-03-19T09:32:13.826+0800][1.620s] GC(2) Pause Cleanup
[2020-03-19T09:32:13.826+0800][1.620s] GC(2) Pause Cleanup 16M->16M(512M) 0.152ms
[2020-03-19T09:32:13.826+0800][1.620s] GC(2) User=0.00s Sys=0.00s Real=0.00s
[2020-03-19T09:32:13.826+0800][1.620s] GC(2) Concurrent Cleanup for Next Mark
[2020-03-19T09:32:13.826+0800][1.621s] GC(2) Concurrent Cleanup for Next Mark 0.313ms
[2020-03-19T09:32:13.841+0800][1.621s] GC(2) Concurrent Cycle 9.441ms
[2020-03-19T09:32:14.582+0800][2.363s] GC(3) Pause Young (Normal) (G1 Evacuation Pause)
[2020-03-19T09:32:14.582+0800][2.363s] GC(3) Using 10 workers of 10 for evacuation
[2020-03-19T09:32:14.598+0800][2.390s] GC(3)   Pre Evacuate Collection Set: 0.0ms
[2020-03-19T09:32:14.598+0800][2.390s] GC(3)   Evacuate Collection Set: 23.3ms
[2020-03-19T09:32:14.598+0800][2.390s] GC(3)   Post Evacuate Collection Set: 4.1ms
[2020-03-19T09:32:14.598+0800][2.390s] GC(3)   Other: 0.1ms
[2020-03-19T09:32:14.598+0800][2.390s] GC(3) Eden regions: 35->0(62)
[2020-03-19T09:32:14.598+0800][2.390s] GC(3) Survivor regions: 12->6(6)
[2020-03-19T09:32:14.598+0800][2.390s] GC(3) Old regions: 0->13
[2020-03-19T09:32:14.598+0800][2.390s] GC(3) Humongous regions: 4->4
[2020-03-19T09:32:14.598+0800][2.391s] GC(3) Metaspace: 24128K->24128K(1071104K)
[2020-03-19T09:32:14.598+0800][2.391s] GC(3) Pause Young (Normal) (G1 Evacuation Pause) 50M->22M(512M) 27.818ms
[2020-03-19T09:32:14.598+0800][2.391s] GC(3) User=0.14s Sys=0.00s Real=0.02s
[2020-03-19T09:32:15.426+0800][3.214s] GC(4) Pause Young (Normal) (G1 Evacuation Pause)
[2020-03-19T09:32:15.426+0800][3.214s] GC(4) Using 10 workers of 10 for evacuation
[2020-03-19T09:32:15.426+0800][3.217s] GC(4)   Pre Evacuate Collection Set: 0.0ms
[2020-03-19T09:32:15.426+0800][3.217s] GC(4)   Evacuate Collection Set: 1.7ms
[2020-03-19T09:32:15.426+0800][3.217s] GC(4)   Post Evacuate Collection Set: 0.4ms
[2020-03-19T09:32:15.426+0800][3.217s] GC(4)   Other: 0.2ms
[2020-03-19T09:32:15.426+0800][3.217s] GC(4) Eden regions: 62->0(104)
[2020-03-19T09:32:15.426+0800][3.217s] GC(4) Survivor regions: 6->2(9)
[2020-03-19T09:32:15.426+0800][3.217s] GC(4) Old regions: 13->20
[2020-03-19T09:32:15.426+0800][3.217s] GC(4) Humongous regions: 4->4
[2020-03-19T09:32:15.426+0800][3.217s] GC(4) Metaspace: 31593K->31593K(1077248K)
[2020-03-19T09:32:15.426+0800][3.217s] GC(4) Pause Young (Normal) (G1 Evacuation Pause) 84M->24M(512M) 2.442ms
[2020-03-19T09:32:15.426+0800][3.217s] GC(4) User=0.00s Sys=0.00s Real=0.00s
[2020-03-19T09:32:15.754+0800][3.533s] GC(5) Pause Young (Concurrent Start) (Metadata GC Threshold)
[2020-03-19T09:32:15.754+0800][3.534s] GC(5) Using 10 workers of 10 for evacuation
[2020-03-19T09:32:15.754+0800][3.542s] GC(5)   Pre Evacuate Collection Set: 0.0ms
[2020-03-19T09:32:15.754+0800][3.543s] GC(5)   Evacuate Collection Set: 7.7ms
[2020-03-19T09:32:15.754+0800][3.543s] GC(5)   Post Evacuate Collection Set: 0.9ms
[2020-03-19T09:32:15.754+0800][3.543s] GC(5)   Other: 0.2ms
[2020-03-19T09:32:15.754+0800][3.543s] GC(5) Eden regions: 15->0(109)
[2020-03-19T09:32:15.754+0800][3.543s] GC(5) Survivor regions: 2->2(14)
[2020-03-19T09:32:15.754+0800][3.543s] GC(5) Old regions: 20->20
[2020-03-19T09:32:15.754+0800][3.543s] GC(5) Humongous regions: 4->4
[2020-03-19T09:32:15.754+0800][3.543s] GC(5) Metaspace: 35172K->35172K(1081344K)
[2020-03-19T09:32:15.754+0800][3.543s] GC(5) Pause Young (Concurrent Start) (Metadata GC Threshold) 39M->24M(512M) 9.929ms
[2020-03-19T09:32:15.754+0800][3.543s] GC(5) User=0.00s Sys=0.00s Real=0.00s
[2020-03-19T09:32:15.754+0800][3.544s] GC(6) Concurrent Cycle
[2020-03-19T09:32:15.754+0800][3.544s] GC(6) Concurrent Clear Claimed Marks
[2020-03-19T09:32:15.754+0800][3.544s] GC(6) Concurrent Clear Claimed Marks 0.133ms
[2020-03-19T09:32:15.754+0800][3.544s] GC(6) Concurrent Scan Root Regions
[2020-03-19T09:32:15.754+0800][3.546s] GC(6) Concurrent Scan Root Regions 1.499ms
[2020-03-19T09:32:15.754+0800][3.546s] GC(6) Concurrent Mark (3.546s)
[2020-03-19T09:32:15.754+0800][3.546s] GC(6) Concurrent Mark From Roots
[2020-03-19T09:32:15.754+0800][3.546s] GC(6) Using 3 workers of 3 for marking
[2020-03-19T09:32:15.785+0800][3.574s] GC(6) Concurrent Mark From Roots 27.965ms
[2020-03-19T09:32:15.785+0800][3.574s] GC(6) Concurrent Preclean
[2020-03-19T09:32:15.785+0800][3.575s] GC(6) Concurrent Preclean 1.020ms
[2020-03-19T09:32:15.785+0800][3.575s] GC(6) Concurrent Mark (3.546s, 3.575s) 29.336ms
[2020-03-19T09:32:15.785+0800][3.576s] GC(6) Pause Remark
[2020-03-19T09:32:15.785+0800][3.578s] GC(6) Cleaned string and symbol table, strings: 16485 processed, 24 removed, symbols: 114942 processed, 54 removed
[2020-03-19T09:32:15.785+0800][3.578s] GC(6) Pause Remark 26M->26M(512M) 2.425ms
[2020-03-19T09:32:15.785+0800][3.578s] GC(6) User=0.00s Sys=0.00s Real=0.00s
[2020-03-19T09:32:15.785+0800][3.578s] GC(6) Concurrent Rebuild Remembered Sets
[2020-03-19T09:32:15.800+0800][3.584s] GC(6) Concurrent Rebuild Remembered Sets 6.207ms
[2020-03-19T09:32:15.800+0800][3.585s] GC(6) Pause Cleanup
[2020-03-19T09:32:15.800+0800][3.585s] GC(6) Pause Cleanup 26M->26M(512M) 0.106ms
[2020-03-19T09:32:15.800+0800][3.585s] GC(6) User=0.00s Sys=0.00s Real=0.00s
[2020-03-19T09:32:15.800+0800][3.585s] GC(6) Concurrent Cleanup for Next Mark
[2020-03-19T09:32:15.800+0800][3.585s] GC(6) Concurrent Cleanup for Next Mark 0.414ms
[2020-03-19T09:32:15.800+0800][3.585s] GC(6) Concurrent Cycle 41.679ms
[2020-03-19T09:33:43.432+0800][91.212s] Heap
[2020-03-19T09:33:43.432+0800][91.212s]  garbage-first heap   total 524288K, used 105471K [0x00000000e0000000, 0x0000000100000000)
[2020-03-19T09:33:43.432+0800][91.212s]   region size 1024K, 81 young (82944K), 2 survivors (2048K)
[2020-03-19T09:33:43.432+0800][91.212s]  Metaspace       used 42206K, capacity 43129K, committed 43440K, reserved 1087488K
[2020-03-19T09:33:43.432+0800][91.212s]   class space    used 4668K, capacity 5062K, committed 5120K, reserved 1048576K
