[2020-03-20T18:45:43.577+0800][0.030s] Heap region size: 1M
[2020-03-20T18:45:43.813+0800][0.264s] Using G1
[2020-03-20T18:45:43.813+0800][0.264s] Heap address: 0x00000000e0000000, size: 512 MB, Compressed Oops mode: 32-bit
[2020-03-20T18:45:44.824+0800][1.275s] GC(0) Pause Young (Normal) (G1 Evacuation Pause)
[2020-03-20T18:45:44.824+0800][1.275s] GC(0) Using 10 workers of 10 for evacuation
[2020-03-20T18:45:44.828+0800][1.279s] GC(0)   Pre Evacuate Collection Set: 0.0ms
[2020-03-20T18:45:44.828+0800][1.279s] GC(0)   Evacuate Collection Set: 2.8ms
[2020-03-20T18:45:44.828+0800][1.279s] GC(0)   Post Evacuate Collection Set: 0.5ms
[2020-03-20T18:45:44.828+0800][1.279s] GC(0)   Other: 0.8ms
[2020-03-20T18:45:44.828+0800][1.279s] GC(0) Eden regions: 30->0(303)
[2020-03-20T18:45:44.829+0800][1.280s] GC(0) Survivor regions: 0->4(4)
[2020-03-20T18:45:44.829+0800][1.280s] GC(0) Old regions: 0->0
[2020-03-20T18:45:44.829+0800][1.280s] GC(0) Humongous regions: 0->0
[2020-03-20T18:45:44.829+0800][1.280s] GC(0) Metaspace: 14766K->14766K(1062912K)
[2020-03-20T18:45:44.829+0800][1.280s] GC(0) Pause Young (Normal) (G1 Evacuation Pause) 30M->3M(512M) 5.728ms
[2020-03-20T18:45:44.829+0800][1.280s] GC(0) User=0.17s Sys=0.00s Real=0.01s
[2020-03-20T18:45:45.331+0800][1.783s] GC(1) Pause Young (Concurrent Start) (Metadata GC Threshold)
[2020-03-20T18:45:45.331+0800][1.783s] GC(1) Using 10 workers of 10 for evacuation
[2020-03-20T18:45:45.347+0800][1.798s] GC(1)   Pre Evacuate Collection Set: 0.0ms
[2020-03-20T18:45:45.347+0800][1.798s] GC(1)   Evacuate Collection Set: 14.7ms
[2020-03-20T18:45:45.347+0800][1.798s] GC(1)   Post Evacuate Collection Set: 0.6ms
[2020-03-20T18:45:45.347+0800][1.798s] GC(1)   Other: 0.2ms
[2020-03-20T18:45:45.347+0800][1.798s] GC(1) Eden regions: 21->0(80)
[2020-03-20T18:45:45.347+0800][1.798s] GC(1) Survivor regions: 4->12(39)
[2020-03-20T18:45:45.347+0800][1.799s] GC(1) Old regions: 0->0
[2020-03-20T18:45:45.347+0800][1.799s] GC(1) Humongous regions: 4->4
[2020-03-20T18:45:45.347+0800][1.799s] GC(1) Metaspace: 20727K->20727K(1069056K)
[2020-03-20T18:45:45.347+0800][1.799s] GC(1) Pause Young (Concurrent Start) (Metadata GC Threshold) 28M->15M(512M) 15.863ms
[2020-03-20T18:45:45.347+0800][1.799s] GC(1) User=0.02s Sys=0.02s Real=0.02s
[2020-03-20T18:45:45.347+0800][1.799s] GC(2) Concurrent Cycle
[2020-03-20T18:45:45.348+0800][1.799s] GC(2) Concurrent Clear Claimed Marks
[2020-03-20T18:45:45.348+0800][1.799s] GC(2) Concurrent Clear Claimed Marks 0.039ms
[2020-03-20T18:45:45.348+0800][1.799s] GC(2) Concurrent Scan Root Regions
[2020-03-20T18:45:45.351+0800][1.802s] GC(2) Concurrent Scan Root Regions 3.451ms
[2020-03-20T18:45:45.351+0800][1.802s] GC(2) Concurrent Mark (1.802s)
[2020-03-20T18:45:45.351+0800][1.802s] GC(2) Concurrent Mark From Roots
[2020-03-20T18:45:45.351+0800][1.802s] GC(2) Using 3 workers of 3 for marking
[2020-03-20T18:45:45.352+0800][1.803s] GC(2) Concurrent Mark From Roots 1.097ms
[2020-03-20T18:45:45.352+0800][1.803s] GC(2) Concurrent Preclean
[2020-03-20T18:45:45.352+0800][1.804s] GC(2) Concurrent Preclean 0.193ms
[2020-03-20T18:45:45.352+0800][1.804s] GC(2) Concurrent Mark (1.802s, 1.804s) 1.383ms
[2020-03-20T18:45:45.353+0800][1.804s] GC(2) Pause Remark
[2020-03-20T18:45:45.354+0800][1.805s] GC(2) Cleaned string and symbol table, strings: 10190 processed, 0 removed, symbols: 68104 processed, 11 removed
[2020-03-20T18:45:45.354+0800][1.806s] GC(2) Pause Remark 16M->16M(512M) 1.303ms
[2020-03-20T18:45:45.354+0800][1.806s] GC(2) User=0.00s Sys=0.00s Real=0.00s
[2020-03-20T18:45:45.354+0800][1.806s] GC(2) Concurrent Rebuild Remembered Sets
[2020-03-20T18:45:45.356+0800][1.808s] GC(2) Concurrent Rebuild Remembered Sets 2.237ms
[2020-03-20T18:45:45.357+0800][1.808s] GC(2) Pause Cleanup
[2020-03-20T18:45:45.357+0800][1.808s] GC(2) Pause Cleanup 16M->16M(512M) 0.146ms
[2020-03-20T18:45:45.357+0800][1.808s] GC(2) User=0.00s Sys=0.00s Real=0.00s
[2020-03-20T18:45:45.357+0800][1.808s] GC(2) Concurrent Cleanup for Next Mark
[2020-03-20T18:45:45.357+0800][1.809s] GC(2) Concurrent Cleanup for Next Mark 0.333ms
[2020-03-20T18:45:45.357+0800][1.809s] GC(2) Concurrent Cycle 10.107ms
[2020-03-20T18:45:46.641+0800][3.092s] GC(3) Pause Young (Normal) (G1 Evacuation Pause)
[2020-03-20T18:45:46.641+0800][3.092s] GC(3) Using 10 workers of 10 for evacuation
[2020-03-20T18:45:46.679+0800][3.131s] GC(3)   Pre Evacuate Collection Set: 0.0ms
[2020-03-20T18:45:46.679+0800][3.131s] GC(3)   Evacuate Collection Set: 14.4ms
[2020-03-20T18:45:46.679+0800][3.131s] GC(3)   Post Evacuate Collection Set: 24.1ms
[2020-03-20T18:45:46.679+0800][3.131s] GC(3)   Other: 0.2ms
[2020-03-20T18:45:46.679+0800][3.131s] GC(3) Eden regions: 43->0(65)
[2020-03-20T18:45:46.679+0800][3.131s] GC(3) Survivor regions: 12->7(7)
[2020-03-20T18:45:46.679+0800][3.131s] GC(3) Old regions: 0->13
[2020-03-20T18:45:46.679+0800][3.131s] GC(3) Humongous regions: 4->4
[2020-03-20T18:45:46.679+0800][3.131s] GC(3) Metaspace: 24759K->24759K(1073152K)
[2020-03-20T18:45:46.679+0800][3.131s] GC(3) Pause Young (Normal) (G1 Evacuation Pause) 58M->23M(512M) 38.978ms
[2020-03-20T18:45:46.679+0800][3.131s] GC(3) User=0.16s Sys=0.00s Real=0.04s
[2020-03-20T18:45:48.016+0800][4.467s] GC(4) Pause Young (Normal) (G1 Evacuation Pause)
[2020-03-20T18:45:48.016+0800][4.467s] GC(4) Using 10 workers of 10 for evacuation
[2020-03-20T18:45:48.018+0800][4.469s] GC(4)   Pre Evacuate Collection Set: 0.0ms
[2020-03-20T18:45:48.018+0800][4.469s] GC(4)   Evacuate Collection Set: 1.6ms
[2020-03-20T18:45:48.018+0800][4.469s] GC(4)   Post Evacuate Collection Set: 0.6ms
[2020-03-20T18:45:48.018+0800][4.469s] GC(4)   Other: 0.2ms
[2020-03-20T18:45:48.018+0800][4.469s] GC(4) Eden regions: 65->0(107)
[2020-03-20T18:45:48.018+0800][4.469s] GC(4) Survivor regions: 7->2(9)
[2020-03-20T18:45:48.018+0800][4.470s] GC(4) Old regions: 13->19
[2020-03-20T18:45:48.018+0800][4.470s] GC(4) Humongous regions: 4->4
[2020-03-20T18:45:48.018+0800][4.470s] GC(4) Metaspace: 31241K->31241K(1077248K)
[2020-03-20T18:45:48.018+0800][4.470s] GC(4) Pause Young (Normal) (G1 Evacuation Pause) 88M->24M(512M) 2.599ms
[2020-03-20T18:45:48.018+0800][4.470s] GC(4) User=0.00s Sys=0.00s Real=0.00s
[2020-03-20T18:45:48.353+0800][4.804s] GC(5) Pause Young (Concurrent Start) (Metadata GC Threshold)
[2020-03-20T18:45:48.353+0800][4.804s] GC(5) Using 10 workers of 10 for evacuation
[2020-03-20T18:45:48.356+0800][4.807s] GC(5)   Pre Evacuate Collection Set: 0.0ms
[2020-03-20T18:45:48.356+0800][4.807s] GC(5)   Evacuate Collection Set: 3.0ms
[2020-03-20T18:45:48.356+0800][4.807s] GC(5)   Post Evacuate Collection Set: 0.4ms
[2020-03-20T18:45:48.356+0800][4.807s] GC(5)   Other: 0.2ms
[2020-03-20T18:45:48.356+0800][4.807s] GC(5) Eden regions: 21->0(119)
[2020-03-20T18:45:48.356+0800][4.807s] GC(5) Survivor regions: 2->2(14)
[2020-03-20T18:45:48.356+0800][4.807s] GC(5) Old regions: 19->19
[2020-03-20T18:45:48.356+0800][4.807s] GC(5) Humongous regions: 4->4
[2020-03-20T18:45:48.356+0800][4.807s] GC(5) Metaspace: 35224K->35224K(1081344K)
[2020-03-20T18:45:48.356+0800][4.808s] GC(5) Pause Young (Concurrent Start) (Metadata GC Threshold) 44M->24M(512M) 3.974ms
[2020-03-20T18:45:48.356+0800][4.808s] GC(5) User=0.00s Sys=0.00s Real=0.00s
[2020-03-20T18:45:48.356+0800][4.808s] GC(6) Concurrent Cycle
[2020-03-20T18:45:48.356+0800][4.808s] GC(6) Concurrent Clear Claimed Marks
[2020-03-20T18:45:48.356+0800][4.808s] GC(6) Concurrent Clear Claimed Marks 0.039ms
[2020-03-20T18:45:48.356+0800][4.808s] GC(6) Concurrent Scan Root Regions
[2020-03-20T18:45:48.358+0800][4.809s] GC(6) Concurrent Scan Root Regions 1.589ms
[2020-03-20T18:45:48.358+0800][4.809s] GC(6) Concurrent Mark (4.809s)
[2020-03-20T18:45:48.358+0800][4.809s] GC(6) Concurrent Mark From Roots
[2020-03-20T18:45:48.358+0800][4.809s] GC(6) Using 3 workers of 3 for marking
[2020-03-20T18:45:48.379+0800][4.834s] GC(6) Concurrent Mark From Roots 24.163ms
[2020-03-20T18:45:48.379+0800][4.834s] GC(6) Concurrent Preclean
[2020-03-20T18:45:48.379+0800][4.834s] GC(6) Concurrent Preclean 0.363ms
[2020-03-20T18:45:48.379+0800][4.834s] GC(6) Concurrent Mark (4.809s, 4.834s) 24.683ms
[2020-03-20T18:45:48.383+0800][4.834s] GC(6) Pause Remark
[2020-03-20T18:45:48.384+0800][4.836s] GC(6) Cleaned string and symbol table, strings: 16514 processed, 24 removed, symbols: 115039 processed, 54 removed
[2020-03-20T18:45:48.386+0800][4.837s] GC(6) Pause Remark 26M->26M(512M) 2.253ms
[2020-03-20T18:45:48.386+0800][4.837s] GC(6) User=0.00s Sys=0.00s Real=0.00s
[2020-03-20T18:45:48.386+0800][4.837s] GC(6) Concurrent Rebuild Remembered Sets
[2020-03-20T18:45:48.395+0800][4.846s] GC(6) Concurrent Rebuild Remembered Sets 9.506ms
[2020-03-20T18:45:48.395+0800][4.846s] GC(6) Pause Cleanup
[2020-03-20T18:45:48.396+0800][4.847s] GC(6) Pause Cleanup 27M->27M(512M) 0.140ms
[2020-03-20T18:45:48.396+0800][4.847s] GC(6) User=0.00s Sys=0.00s Real=0.00s
[2020-03-20T18:45:48.396+0800][4.847s] GC(6) Concurrent Cleanup for Next Mark
[2020-03-20T18:45:48.396+0800][4.847s] GC(6) Concurrent Cleanup for Next Mark 0.393ms
[2020-03-20T18:45:48.396+0800][4.847s] GC(6) Concurrent Cycle 39.548ms
[2020-03-20T18:45:54.076+0800][10.528s] GC(7) Pause Young (Concurrent Start) (G1 Evacuation Pause)
[2020-03-20T18:45:54.076+0800][10.528s] GC(7) Using 10 workers of 10 for evacuation
[2020-03-20T18:45:54.084+0800][10.536s] GC(7)   Pre Evacuate Collection Set: 0.0ms
[2020-03-20T18:45:54.084+0800][10.536s] GC(7)   Evacuate Collection Set: 7.1ms
[2020-03-20T18:45:54.084+0800][10.536s] GC(7)   Post Evacuate Collection Set: 0.7ms
[2020-03-20T18:45:54.084+0800][10.536s] GC(7)   Other: 0.2ms
[2020-03-20T18:45:54.084+0800][10.536s] GC(7) Eden regions: 119->0(178)
[2020-03-20T18:45:54.084+0800][10.536s] GC(7) Survivor regions: 2->11(16)
[2020-03-20T18:45:54.084+0800][10.536s] GC(7) Old regions: 19->19
[2020-03-20T18:45:54.084+0800][10.536s] GC(7) Humongous regions: 6->5
[2020-03-20T18:45:54.084+0800][10.536s] GC(7) Metaspace: 42408K->42408K(1087488K)
[2020-03-20T18:45:54.084+0800][10.536s] GC(7) Pause Young (Concurrent Start) (G1 Evacuation Pause) 145M->34M(512M) 8.230ms
[2020-03-20T18:45:54.084+0800][10.536s] GC(7) User=0.00s Sys=0.00s Real=0.01s
[2020-03-20T18:45:54.084+0800][10.536s] GC(8) Concurrent Cycle
[2020-03-20T18:45:54.085+0800][10.536s] GC(8) Concurrent Clear Claimed Marks
[2020-03-20T18:45:54.085+0800][10.536s] GC(8) Concurrent Clear Claimed Marks 0.047ms
[2020-03-20T18:45:54.085+0800][10.536s] GC(8) Concurrent Scan Root Regions
[2020-03-20T18:45:54.087+0800][10.538s] GC(8) Concurrent Scan Root Regions 1.963ms
[2020-03-20T18:45:54.087+0800][10.538s] GC(8) Concurrent Mark (10.538s)
[2020-03-20T18:45:54.087+0800][10.538s] GC(8) Concurrent Mark From Roots
[2020-03-20T18:45:54.087+0800][10.538s] GC(8) Using 3 workers of 3 for marking
[2020-03-20T18:45:54.105+0800][10.556s] GC(8) Concurrent Mark From Roots 17.942ms
[2020-03-20T18:45:54.105+0800][10.556s] GC(8) Concurrent Preclean
[2020-03-20T18:45:54.106+0800][10.557s] GC(8) Concurrent Preclean 0.337ms
[2020-03-20T18:45:54.106+0800][10.557s] GC(8) Concurrent Mark (10.538s, 10.557s) 18.439ms
[2020-03-20T18:45:54.106+0800][10.557s] GC(8) Pause Remark
[2020-03-20T18:45:54.107+0800][10.559s] GC(8) Cleaned string and symbol table, strings: 19796 processed, 0 removed, symbols: 135896 processed, 43 removed
[2020-03-20T18:45:54.108+0800][10.559s] GC(8) Pause Remark 36M->36M(512M) 2.459ms
[2020-03-20T18:45:54.108+0800][10.559s] GC(8) User=0.05s Sys=0.00s Real=0.00s
[2020-03-20T18:45:54.108+0800][10.559s] GC(8) Concurrent Rebuild Remembered Sets
[2020-03-20T18:45:54.116+0800][10.568s] GC(8) Concurrent Rebuild Remembered Sets 8.766ms
[2020-03-20T18:45:54.117+0800][10.569s] GC(8) Pause Cleanup
[2020-03-20T18:45:54.117+0800][10.569s] GC(8) Pause Cleanup 36M->36M(512M) 0.212ms
[2020-03-20T18:45:54.117+0800][10.569s] GC(8) User=0.00s Sys=0.00s Real=0.00s
[2020-03-20T18:45:54.117+0800][10.569s] GC(8) Concurrent Cleanup for Next Mark
[2020-03-20T18:45:54.117+0800][10.569s] GC(8) Concurrent Cleanup for Next Mark 0.411ms
[2020-03-20T18:45:54.118+0800][10.569s] GC(8) Concurrent Cycle 33.300ms
[2020-03-20T18:45:54.811+0800][11.262s] GC(9) Pause Young (Normal) (G1 Evacuation Pause)
[2020-03-20T18:45:54.811+0800][11.262s] GC(9) Using 10 workers of 10 for evacuation
[2020-03-20T18:45:54.815+0800][11.267s] GC(9)   Pre Evacuate Collection Set: 0.0ms
[2020-03-20T18:45:54.815+0800][11.267s] GC(9)   Evacuate Collection Set: 4.2ms
[2020-03-20T18:45:54.815+0800][11.267s] GC(9)   Post Evacuate Collection Set: 0.5ms
[2020-03-20T18:45:54.815+0800][11.267s] GC(9)   Other: 0.2ms
[2020-03-20T18:45:54.815+0800][11.267s] GC(9) Eden regions: 184->0(295)
[2020-03-20T18:45:54.815+0800][11.267s] GC(9) Survivor regions: 11->12(25)
[2020-03-20T18:45:54.815+0800][11.267s] GC(9) Old regions: 19->19
[2020-03-20T18:45:54.815+0800][11.267s] GC(9) Humongous regions: 5->5
[2020-03-20T18:45:54.815+0800][11.267s] GC(9) Metaspace: 47188K->47188K(1091584K)
[2020-03-20T18:45:54.815+0800][11.267s] GC(9) Pause Young (Normal) (G1 Evacuation Pause) 218M->35M(512M) 5.148ms
[2020-03-20T18:45:54.815+0800][11.267s] GC(9) User=0.00s Sys=0.00s Real=0.00s
[2020-03-20T18:46:45.997+0800][62.449s] Heap
[2020-03-20T18:46:45.997+0800][62.449s]  garbage-first heap   total 524288K, used 149182K [0x00000000e0000000, 0x0000000100000000)
[2020-03-20T18:46:45.997+0800][62.449s]   region size 1024K, 123 young (125952K), 12 survivors (12288K)
[2020-03-20T18:46:45.997+0800][62.449s]  Metaspace       used 51751K, capacity 52778K, committed 52912K, reserved 1095680K
[2020-03-20T18:46:45.997+0800][62.449s]   class space    used 5942K, capacity 6321K, committed 6400K, reserved 1048576K
