[2020-04-04T12:31:00.824+0800][0.037s] Heap region size: 1M
[2020-04-04T12:31:01.085+0800][0.296s] Using G1
[2020-04-04T12:31:01.085+0800][0.296s] Heap address: 0x00000000e0000000, size: 512 MB, Compressed Oops mode: 32-bit
[2020-04-04T12:31:02.180+0800][1.391s] GC(0) Pause Young (Normal) (G1 Evacuation Pause)
[2020-04-04T12:31:02.181+0800][1.392s] GC(0) Using 10 workers of 10 for evacuation
[2020-04-04T12:31:02.185+0800][1.396s] GC(0)   Pre Evacuate Collection Set: 0.0ms
[2020-04-04T12:31:02.185+0800][1.396s] GC(0)   Evacuate Collection Set: 3.0ms
[2020-04-04T12:31:02.185+0800][1.396s] GC(0)   Post Evacuate Collection Set: 0.7ms
[2020-04-04T12:31:02.185+0800][1.396s] GC(0)   Other: 0.7ms
[2020-04-04T12:31:02.185+0800][1.396s] GC(0) Eden regions: 30->0(303)
[2020-04-04T12:31:02.187+0800][1.397s] GC(0) Survivor regions: 0->4(4)
[2020-04-04T12:31:02.187+0800][1.397s] GC(0) Old regions: 0->0
[2020-04-04T12:31:02.187+0800][1.397s] GC(0) Humongous regions: 0->0
[2020-04-04T12:31:02.187+0800][1.397s] GC(0) Metaspace: 14953K->14953K(1062912K)
[2020-04-04T12:31:02.187+0800][1.397s] GC(0) Pause Young (Normal) (G1 Evacuation Pause) 30M->3M(512M) 5.863ms
[2020-04-04T12:31:02.187+0800][1.397s] GC(0) User=0.02s Sys=0.02s Real=0.01s
[2020-04-04T12:31:02.601+0800][1.812s] GC(1) Pause Young (Concurrent Start) (Metadata GC Threshold)
[2020-04-04T12:31:02.601+0800][1.812s] GC(1) Using 10 workers of 10 for evacuation
[2020-04-04T12:31:02.616+0800][1.827s] GC(1)   Pre Evacuate Collection Set: 0.0ms
[2020-04-04T12:31:02.616+0800][1.827s] GC(1)   Evacuate Collection Set: 14.6ms
[2020-04-04T12:31:02.616+0800][1.828s] GC(1)   Post Evacuate Collection Set: 0.7ms
[2020-04-04T12:31:02.616+0800][1.828s] GC(1)   Other: 0.2ms
[2020-04-04T12:31:02.616+0800][1.828s] GC(1) Eden regions: 21->0(82)
[2020-04-04T12:31:02.616+0800][1.828s] GC(1) Survivor regions: 4->12(39)
[2020-04-04T12:31:02.616+0800][1.828s] GC(1) Old regions: 0->0
[2020-04-04T12:31:02.616+0800][1.828s] GC(1) Humongous regions: 4->4
[2020-04-04T12:31:02.616+0800][1.828s] GC(1) Metaspace: 20726K->20726K(1069056K)
[2020-04-04T12:31:02.616+0800][1.828s] GC(1) Pause Young (Concurrent Start) (Metadata GC Threshold) 28M->15M(512M) 15.824ms
[2020-04-04T12:31:02.616+0800][1.828s] GC(1) User=0.05s Sys=0.00s Real=0.01s
[2020-04-04T12:31:02.617+0800][1.828s] GC(2) Concurrent Cycle
[2020-04-04T12:31:02.617+0800][1.828s] GC(2) Concurrent Clear Claimed Marks
[2020-04-04T12:31:02.617+0800][1.828s] GC(2) Concurrent Clear Claimed Marks 0.041ms
[2020-04-04T12:31:02.617+0800][1.828s] GC(2) Concurrent Scan Root Regions
[2020-04-04T12:31:02.620+0800][1.832s] GC(2) Concurrent Scan Root Regions 3.728ms
[2020-04-04T12:31:02.620+0800][1.832s] GC(2) Concurrent Mark (1.832s)
[2020-04-04T12:31:02.620+0800][1.832s] GC(2) Concurrent Mark From Roots
[2020-04-04T12:31:02.621+0800][1.832s] GC(2) Using 3 workers of 3 for marking
[2020-04-04T12:31:02.622+0800][1.833s] GC(2) Concurrent Mark From Roots 0.947ms
[2020-04-04T12:31:02.622+0800][1.833s] GC(2) Concurrent Preclean
[2020-04-04T12:31:02.622+0800][1.833s] GC(2) Concurrent Preclean 0.202ms
[2020-04-04T12:31:02.622+0800][1.833s] GC(2) Concurrent Mark (1.832s, 1.833s) 1.244ms
[2020-04-04T12:31:02.622+0800][1.833s] GC(2) Pause Remark
[2020-04-04T12:31:02.623+0800][1.834s] GC(2) Cleaned string and symbol table, strings: 10184 processed, 0 removed, symbols: 68105 processed, 11 removed
[2020-04-04T12:31:02.623+0800][1.835s] GC(2) Pause Remark 16M->16M(512M) 1.243ms
[2020-04-04T12:31:02.623+0800][1.835s] GC(2) User=0.17s Sys=0.00s Real=0.00s
[2020-04-04T12:31:02.623+0800][1.835s] GC(2) Concurrent Rebuild Remembered Sets
[2020-04-04T12:31:02.625+0800][1.837s] GC(2) Concurrent Rebuild Remembered Sets 1.855ms
[2020-04-04T12:31:02.626+0800][1.837s] GC(2) Pause Cleanup
[2020-04-04T12:31:02.626+0800][1.837s] GC(2) Pause Cleanup 16M->16M(512M) 0.131ms
[2020-04-04T12:31:02.626+0800][1.837s] GC(2) User=0.00s Sys=0.00s Real=0.00s
[2020-04-04T12:31:02.626+0800][1.837s] GC(2) Concurrent Cleanup for Next Mark
[2020-04-04T12:31:02.626+0800][1.837s] GC(2) Concurrent Cleanup for Next Mark 0.387ms
[2020-04-04T12:31:02.626+0800][1.838s] GC(2) Concurrent Cycle 9.777ms
[2020-04-04T12:31:03.642+0800][2.852s] GC(3) Pause Young (Normal) (G1 Evacuation Pause)
[2020-04-04T12:31:03.642+0800][2.852s] GC(3) Using 10 workers of 10 for evacuation
[2020-04-04T12:31:03.651+0800][2.862s] GC(3)   Pre Evacuate Collection Set: 0.0ms
[2020-04-04T12:31:03.651+0800][2.862s] GC(3)   Evacuate Collection Set: 8.4ms
[2020-04-04T12:31:03.651+0800][2.862s] GC(3)   Post Evacuate Collection Set: 0.8ms
[2020-04-04T12:31:03.651+0800][2.862s] GC(3)   Other: 0.2ms
[2020-04-04T12:31:03.651+0800][2.862s] GC(3) Eden regions: 35->0(61)
[2020-04-04T12:31:03.651+0800][2.862s] GC(3) Survivor regions: 12->6(6)
[2020-04-04T12:31:03.651+0800][2.862s] GC(3) Old regions: 0->13
[2020-04-04T12:31:03.651+0800][2.862s] GC(3) Humongous regions: 4->4
[2020-04-04T12:31:03.651+0800][2.862s] GC(3) Metaspace: 23802K->23802K(1071104K)
[2020-04-04T12:31:03.651+0800][2.862s] GC(3) Pause Young (Normal) (G1 Evacuation Pause) 50M->22M(512M) 9.857ms
[2020-04-04T12:31:03.651+0800][2.862s] GC(3) User=0.00s Sys=0.00s Real=0.01s
[2020-04-04T12:31:04.622+0800][3.833s] GC(4) Pause Young (Normal) (G1 Evacuation Pause)
[2020-04-04T12:31:04.622+0800][3.833s] GC(4) Using 10 workers of 10 for evacuation
[2020-04-04T12:31:04.624+0800][3.835s] GC(4)   Pre Evacuate Collection Set: 0.0ms
[2020-04-04T12:31:04.624+0800][3.835s] GC(4)   Evacuate Collection Set: 1.7ms
[2020-04-04T12:31:04.624+0800][3.835s] GC(4)   Post Evacuate Collection Set: 0.6ms
[2020-04-04T12:31:04.624+0800][3.836s] GC(4)   Other: 0.2ms
[2020-04-04T12:31:04.624+0800][3.836s] GC(4) Eden regions: 61->0(105)
[2020-04-04T12:31:04.624+0800][3.836s] GC(4) Survivor regions: 6->2(9)
[2020-04-04T12:31:04.624+0800][3.836s] GC(4) Old regions: 13->19
[2020-04-04T12:31:04.624+0800][3.836s] GC(4) Humongous regions: 4->4
[2020-04-04T12:31:04.624+0800][3.836s] GC(4) Metaspace: 31154K->31154K(1077248K)
[2020-04-04T12:31:04.624+0800][3.836s] GC(4) Pause Young (Normal) (G1 Evacuation Pause) 83M->23M(512M) 2.831ms
[2020-04-04T12:31:04.624+0800][3.836s] GC(4) User=0.16s Sys=0.00s Real=0.00s
[2020-04-04T12:31:05.138+0800][4.349s] GC(5) Pause Young (Concurrent Start) (Metadata GC Threshold)
[2020-04-04T12:31:05.138+0800][4.349s] GC(5) Using 10 workers of 10 for evacuation
[2020-04-04T12:31:05.145+0800][4.356s] GC(5)   Pre Evacuate Collection Set: 0.1ms
[2020-04-04T12:31:05.145+0800][4.356s] GC(5)   Evacuate Collection Set: 4.7ms
[2020-04-04T12:31:05.145+0800][4.356s] GC(5)   Post Evacuate Collection Set: 2.2ms
[2020-04-04T12:31:05.145+0800][4.356s] GC(5)   Other: 0.3ms
[2020-04-04T12:31:05.145+0800][4.356s] GC(5) Eden regions: 21->0(120)
[2020-04-04T12:31:05.145+0800][4.356s] GC(5) Survivor regions: 2->3(14)
[2020-04-04T12:31:05.145+0800][4.356s] GC(5) Old regions: 19->19
[2020-04-04T12:31:05.145+0800][4.356s] GC(5) Humongous regions: 4->4
[2020-04-04T12:31:05.145+0800][4.356s] GC(5) Metaspace: 35258K->35258K(1081344K)
[2020-04-04T12:31:05.145+0800][4.356s] GC(5) Pause Young (Concurrent Start) (Metadata GC Threshold) 44M->24M(512M) 7.563ms
[2020-04-04T12:31:05.145+0800][4.356s] GC(5) User=0.16s Sys=0.00s Real=0.01s
[2020-04-04T12:31:05.145+0800][4.356s] GC(6) Concurrent Cycle
[2020-04-04T12:31:05.145+0800][4.356s] GC(6) Concurrent Clear Claimed Marks
[2020-04-04T12:31:05.145+0800][4.357s] GC(6) Concurrent Clear Claimed Marks 0.066ms
[2020-04-04T12:31:05.145+0800][4.357s] GC(6) Concurrent Scan Root Regions
[2020-04-04T12:31:05.148+0800][4.359s] GC(6) Concurrent Scan Root Regions 2.259ms
[2020-04-04T12:31:05.148+0800][4.359s] GC(6) Concurrent Mark (4.359s)
[2020-04-04T12:31:05.148+0800][4.359s] GC(6) Concurrent Mark From Roots
[2020-04-04T12:31:05.148+0800][4.359s] GC(6) Using 3 workers of 3 for marking
[2020-04-04T12:31:05.170+0800][4.380s] GC(6) Concurrent Mark From Roots 20.884ms
[2020-04-04T12:31:05.170+0800][4.380s] GC(6) Concurrent Preclean
[2020-04-04T12:31:05.170+0800][4.381s] GC(6) Concurrent Preclean 0.666ms
[2020-04-04T12:31:05.170+0800][4.381s] GC(6) Concurrent Mark (4.359s, 4.381s) 21.784ms
[2020-04-04T12:31:05.171+0800][4.381s] GC(6) Pause Remark
[2020-04-04T12:31:05.173+0800][4.383s] GC(6) Cleaned string and symbol table, strings: 16648 processed, 23 removed, symbols: 115693 processed, 54 removed
[2020-04-04T12:31:05.173+0800][4.384s] GC(6) Pause Remark 25M->25M(512M) 2.633ms
[2020-04-04T12:31:05.173+0800][4.384s] GC(6) User=0.00s Sys=0.00s Real=0.00s
[2020-04-04T12:31:05.173+0800][4.384s] GC(6) Concurrent Rebuild Remembered Sets
[2020-04-04T12:31:05.184+0800][4.394s] GC(6) Concurrent Rebuild Remembered Sets 10.649ms
[2020-04-04T12:31:05.184+0800][4.395s] GC(6) Pause Cleanup
[2020-04-04T12:31:05.184+0800][4.395s] GC(6) Pause Cleanup 26M->26M(512M) 0.163ms
[2020-04-04T12:31:05.184+0800][4.395s] GC(6) User=0.00s Sys=0.00s Real=0.00s
[2020-04-04T12:31:05.184+0800][4.395s] GC(6) Concurrent Cleanup for Next Mark
[2020-04-04T12:31:05.185+0800][4.396s] GC(6) Concurrent Cleanup for Next Mark 0.465ms
[2020-04-04T12:31:05.185+0800][4.396s] GC(6) Concurrent Cycle 39.280ms
[2020-04-04T12:31:11.547+0800][10.759s] GC(7) Pause Young (Concurrent Start) (G1 Evacuation Pause)
[2020-04-04T12:31:11.547+0800][10.759s] GC(7) Using 10 workers of 10 for evacuation
[2020-04-04T12:31:11.558+0800][10.769s] GC(7)   Pre Evacuate Collection Set: 0.0ms
[2020-04-04T12:31:11.558+0800][10.769s] GC(7)   Evacuate Collection Set: 9.6ms
[2020-04-04T12:31:11.558+0800][10.769s] GC(7)   Post Evacuate Collection Set: 0.6ms
[2020-04-04T12:31:11.558+0800][10.769s] GC(7)   Other: 0.3ms
[2020-04-04T12:31:11.558+0800][10.769s] GC(7) Eden regions: 120->0(297)
[2020-04-04T12:31:11.558+0800][10.769s] GC(7) Survivor regions: 3->10(16)
[2020-04-04T12:31:11.558+0800][10.769s] GC(7) Old regions: 19->19
[2020-04-04T12:31:11.558+0800][10.769s] GC(7) Humongous regions: 6->5
[2020-04-04T12:31:11.558+0800][10.769s] GC(7) Metaspace: 42649K->42649K(1087488K)
[2020-04-04T12:31:11.558+0800][10.770s] GC(7) Pause Young (Concurrent Start) (G1 Evacuation Pause) 146M->33M(512M) 10.974ms
[2020-04-04T12:31:11.558+0800][10.770s] GC(7) User=0.00s Sys=0.00s Real=0.01s
[2020-04-04T12:31:11.558+0800][10.770s] GC(8) Concurrent Cycle
[2020-04-04T12:31:11.559+0800][10.770s] GC(8) Concurrent Clear Claimed Marks
[2020-04-04T12:31:11.559+0800][10.770s] GC(8) Concurrent Clear Claimed Marks 0.080ms
[2020-04-04T12:31:11.559+0800][10.770s] GC(8) Concurrent Scan Root Regions
[2020-04-04T12:31:11.563+0800][10.773s] GC(8) Concurrent Scan Root Regions 3.097ms
[2020-04-04T12:31:11.563+0800][10.773s] GC(8) Concurrent Mark (10.773s)
[2020-04-04T12:31:11.563+0800][10.773s] GC(8) Concurrent Mark From Roots
[2020-04-04T12:31:11.563+0800][10.773s] GC(8) Using 3 workers of 3 for marking
[2020-04-04T12:31:11.581+0800][10.793s] GC(8) Concurrent Mark From Roots 19.632ms
[2020-04-04T12:31:11.581+0800][10.793s] GC(8) Concurrent Preclean
[2020-04-04T12:31:11.582+0800][10.793s] GC(8) Concurrent Preclean 0.486ms
[2020-04-04T12:31:11.582+0800][10.793s] GC(8) Concurrent Mark (10.773s, 10.793s) 20.326ms
[2020-04-04T12:31:11.582+0800][10.794s] GC(8) Pause Remark
[2020-04-04T12:31:11.586+0800][10.797s] GC(8) Cleaned string and symbol table, strings: 20003 processed, 0 removed, symbols: 136570 processed, 44 removed
[2020-04-04T12:31:11.586+0800][10.798s] GC(8) Pause Remark 34M->34M(512M) 3.916ms
[2020-04-04T12:31:11.586+0800][10.798s] GC(8) User=0.00s Sys=0.00s Real=0.00s
[2020-04-04T12:31:11.587+0800][10.798s] GC(8) Concurrent Rebuild Remembered Sets
[2020-04-04T12:31:11.597+0800][10.808s] GC(8) Concurrent Rebuild Remembered Sets 10.112ms
[2020-04-04T12:31:11.597+0800][10.808s] GC(8) Pause Cleanup
[2020-04-04T12:31:11.597+0800][10.809s] GC(8) Pause Cleanup 34M->34M(512M) 0.245ms
[2020-04-04T12:31:11.597+0800][10.809s] GC(8) User=0.00s Sys=0.00s Real=0.00s
[2020-04-04T12:31:11.597+0800][10.809s] GC(8) Concurrent Cleanup for Next Mark
[2020-04-04T12:31:11.597+0800][10.809s] GC(8) Concurrent Cleanup for Next Mark 0.602ms
[2020-04-04T12:31:11.597+0800][10.809s] GC(8) Concurrent Cycle 39.815ms
[2020-04-04T12:31:19.176+0800][18.387s] GC(9) Pause Young (Normal) (G1 Evacuation Pause)
[2020-04-04T12:31:19.176+0800][18.387s] GC(9) Using 10 workers of 10 for evacuation
[2020-04-04T12:31:19.189+0800][18.400s] GC(9)   Pre Evacuate Collection Set: 0.0ms
[2020-04-04T12:31:19.189+0800][18.400s] GC(9)   Evacuate Collection Set: 10.7ms
[2020-04-04T12:31:19.189+0800][18.400s] GC(9)   Post Evacuate Collection Set: 1.3ms
[2020-04-04T12:31:19.189+0800][18.400s] GC(9)   Other: 0.6ms
[2020-04-04T12:31:19.189+0800][18.400s] GC(9) Eden regions: 297->0(292)
[2020-04-04T12:31:19.189+0800][18.400s] GC(9) Survivor regions: 10->15(39)
[2020-04-04T12:31:19.189+0800][18.400s] GC(9) Old regions: 19->19
[2020-04-04T12:31:19.189+0800][18.400s] GC(9) Humongous regions: 5->5
[2020-04-04T12:31:19.189+0800][18.400s] GC(9) Metaspace: 53158K->53158K(1097728K)
[2020-04-04T12:31:19.190+0800][18.400s] GC(9) Pause Young (Normal) (G1 Evacuation Pause) 330M->38M(512M) 13.258ms
[2020-04-04T12:31:19.190+0800][18.400s] GC(9) User=0.17s Sys=0.00s Real=0.01s
[2020-04-04T13:48:38.298+0800][4657.509s] GC(10) Pause Young (Normal) (G1 Evacuation Pause)
[2020-04-04T13:48:38.298+0800][4657.509s] GC(10) Using 10 workers of 10 for evacuation
[2020-04-04T13:48:38.304+0800][4657.515s] GC(10)   Pre Evacuate Collection Set: 0.0ms
[2020-04-04T13:48:38.304+0800][4657.515s] GC(10)   Evacuate Collection Set: 4.8ms
[2020-04-04T13:48:38.304+0800][4657.515s] GC(10)   Post Evacuate Collection Set: 0.6ms
[2020-04-04T13:48:38.304+0800][4657.515s] GC(10)   Other: 0.3ms
[2020-04-04T13:48:38.304+0800][4657.515s] GC(10) Eden regions: 292->0(290)
[2020-04-04T13:48:38.304+0800][4657.515s] GC(10) Survivor regions: 15->17(39)
[2020-04-04T13:48:38.304+0800][4657.515s] GC(10) Old regions: 19->19
[2020-04-04T13:48:38.304+0800][4657.515s] GC(10) Humongous regions: 8->8
[2020-04-04T13:48:38.304+0800][4657.515s] GC(10) Metaspace: 55939K->55939K(1099776K)
[2020-04-04T13:48:38.304+0800][4657.515s] GC(10) Pause Young (Normal) (G1 Evacuation Pause) 333M->43M(512M) 5.835ms
[2020-04-04T13:48:38.304+0800][4657.515s] GC(10) User=0.00s Sys=0.00s Real=0.01s
[2020-04-04T15:07:15.684+0800][9374.894s] GC(11) Pause Young (Normal) (G1 Evacuation Pause)
[2020-04-04T15:07:15.684+0800][9374.894s] GC(11) Using 10 workers of 10 for evacuation
[2020-04-04T15:07:15.691+0800][9374.902s] GC(11)   Pre Evacuate Collection Set: 0.0ms
[2020-04-04T15:07:15.691+0800][9374.902s] GC(11)   Evacuate Collection Set: 7.0ms
[2020-04-04T15:07:15.691+0800][9374.902s] GC(11)   Post Evacuate Collection Set: 1.1ms
[2020-04-04T15:07:15.691+0800][9374.902s] GC(11)   Other: 0.2ms
[2020-04-04T15:07:15.691+0800][9374.902s] GC(11) Eden regions: 290->0(290)
[2020-04-04T15:07:15.691+0800][9374.902s] GC(11) Survivor regions: 17->17(39)
[2020-04-04T15:07:15.691+0800][9374.902s] GC(11) Old regions: 19->19
[2020-04-04T15:07:15.691+0800][9374.902s] GC(11) Humongous regions: 8->8
[2020-04-04T15:07:15.691+0800][9374.903s] GC(11) Metaspace: 56365K->56365K(1099776K)
[2020-04-04T15:07:15.691+0800][9374.903s] GC(11) Pause Young (Normal) (G1 Evacuation Pause) 333M->43M(512M) 8.579ms
[2020-04-04T15:07:15.691+0800][9374.903s] GC(11) User=0.03s Sys=0.13s Real=0.01s
