[2020-04-23T10:58:48.695+0800][0.086s] Heap region size: 1M
[2020-04-23T10:58:48.935+0800][0.323s] Using G1
[2020-04-23T10:58:48.935+0800][0.323s] Heap address: 0x00000000e0000000, size: 512 MB, Compressed Oops mode: 32-bit
[2020-04-23T10:58:50.912+0800][2.300s] GC(0) Pause Young (Normal) (G1 Evacuation Pause)
[2020-04-23T10:58:50.913+0800][2.301s] GC(0) Using 10 workers of 10 for evacuation
[2020-04-23T10:58:50.916+0800][2.308s] GC(0)   Pre Evacuate Collection Set: 0.0ms
[2020-04-23T10:58:50.916+0800][2.308s] GC(0)   Evacuate Collection Set: 5.2ms
[2020-04-23T10:58:50.916+0800][2.308s] GC(0)   Post Evacuate Collection Set: 0.8ms
[2020-04-23T10:58:50.916+0800][2.308s] GC(0)   Other: 1.6ms
[2020-04-23T10:58:50.916+0800][2.308s] GC(0) Eden regions: 30->0(303)
[2020-04-23T10:58:50.916+0800][2.309s] GC(0) Survivor regions: 0->4(4)
[2020-04-23T10:58:50.916+0800][2.309s] GC(0) Old regions: 0->0
[2020-04-23T10:58:50.916+0800][2.309s] GC(0) Humongous regions: 0->0
[2020-04-23T10:58:50.916+0800][2.309s] GC(0) Metaspace: 15038K->15038K(1062912K)
[2020-04-23T10:58:50.916+0800][2.309s] GC(0) Pause Young (Normal) (G1 Evacuation Pause) 30M->3M(512M) 8.916ms
[2020-04-23T10:58:50.916+0800][2.309s] GC(0) User=0.00s Sys=0.00s Real=0.00s
[2020-04-23T10:58:51.876+0800][3.263s] GC(1) Pause Young (Concurrent Start) (Metadata GC Threshold)
[2020-04-23T10:58:51.876+0800][3.263s] GC(1) Using 10 workers of 10 for evacuation
[2020-04-23T10:58:51.889+0800][3.281s] GC(1)   Pre Evacuate Collection Set: 0.0ms
[2020-04-23T10:58:51.889+0800][3.281s] GC(1)   Evacuate Collection Set: 16.5ms
[2020-04-23T10:58:51.889+0800][3.281s] GC(1)   Post Evacuate Collection Set: 0.7ms
[2020-04-23T10:58:51.889+0800][3.281s] GC(1)   Other: 0.4ms
[2020-04-23T10:58:51.889+0800][3.281s] GC(1) Eden regions: 21->0(74)
[2020-04-23T10:58:51.889+0800][3.281s] GC(1) Survivor regions: 4->12(39)
[2020-04-23T10:58:51.889+0800][3.281s] GC(1) Old regions: 0->0
[2020-04-23T10:58:51.889+0800][3.281s] GC(1) Humongous regions: 4->4
[2020-04-23T10:58:51.889+0800][3.281s] GC(1) Metaspace: 20733K->20733K(1069056K)
[2020-04-23T10:58:51.889+0800][3.281s] GC(1) Pause Young (Concurrent Start) (Metadata GC Threshold) 28M->15M(512M) 18.148ms
[2020-04-23T10:58:51.889+0800][3.281s] GC(1) User=0.14s Sys=0.00s Real=0.01s
[2020-04-23T10:58:51.889+0800][3.282s] GC(2) Concurrent Cycle
[2020-04-23T10:58:51.889+0800][3.282s] GC(2) Concurrent Clear Claimed Marks
[2020-04-23T10:58:51.889+0800][3.282s] GC(2) Concurrent Clear Claimed Marks 0.053ms
[2020-04-23T10:58:51.889+0800][3.282s] GC(2) Concurrent Scan Root Regions
[2020-04-23T10:58:51.900+0800][3.287s] GC(2) Concurrent Scan Root Regions 5.484ms
[2020-04-23T10:58:51.900+0800][3.287s] GC(2) Concurrent Mark (3.287s)
[2020-04-23T10:58:51.900+0800][3.287s] GC(2) Concurrent Mark From Roots
[2020-04-23T10:58:51.900+0800][3.287s] GC(2) Using 3 workers of 3 for marking
[2020-04-23T10:58:51.902+0800][3.289s] GC(2) Concurrent Mark From Roots 1.997ms
[2020-04-23T10:58:51.902+0800][3.289s] GC(2) Concurrent Preclean
[2020-04-23T10:58:51.903+0800][3.290s] GC(2) Concurrent Preclean 0.326ms
[2020-04-23T10:58:51.903+0800][3.290s] GC(2) Concurrent Mark (3.287s, 3.290s) 2.494ms
[2020-04-23T10:58:51.903+0800][3.290s] GC(2) Pause Remark
[2020-04-23T10:58:51.904+0800][3.292s] GC(2) Cleaned string and symbol table, strings: 10212 processed, 0 removed, symbols: 68116 processed, 11 removed
[2020-04-23T10:58:51.904+0800][3.292s] GC(2) Pause Remark 16M->16M(512M) 2.021ms
[2020-04-23T10:58:51.904+0800][3.292s] GC(2) User=0.02s Sys=0.00s Real=0.00s
[2020-04-23T10:58:51.904+0800][3.292s] GC(2) Concurrent Rebuild Remembered Sets
[2020-04-23T10:58:51.907+0800][3.296s] GC(2) Concurrent Rebuild Remembered Sets 3.780ms
[2020-04-23T10:58:51.907+0800][3.296s] GC(2) Pause Cleanup
[2020-04-23T10:58:51.907+0800][3.296s] GC(2) Pause Cleanup 16M->16M(512M) 0.231ms
[2020-04-23T10:58:51.907+0800][3.296s] GC(2) User=0.00s Sys=0.00s Real=0.00s
[2020-04-23T10:58:51.907+0800][3.297s] GC(2) Concurrent Cleanup for Next Mark
[2020-04-23T10:58:51.907+0800][3.297s] GC(2) Concurrent Cleanup for Next Mark 0.360ms
[2020-04-23T10:58:51.907+0800][3.297s] GC(2) Concurrent Cycle 15.571ms
[2020-04-23T10:58:54.087+0800][5.475s] GC(3) Pause Young (Normal) (G1 Evacuation Pause)
[2020-04-23T10:58:54.087+0800][5.475s] GC(3) Using 10 workers of 10 for evacuation
[2020-04-23T10:58:54.100+0800][5.487s] GC(3)   Pre Evacuate Collection Set: 0.0ms
[2020-04-23T10:58:54.100+0800][5.487s] GC(3)   Evacuate Collection Set: 11.1ms
[2020-04-23T10:58:54.100+0800][5.487s] GC(3)   Post Evacuate Collection Set: 1.1ms
[2020-04-23T10:58:54.100+0800][5.487s] GC(3)   Other: 0.4ms
[2020-04-23T10:58:54.100+0800][5.487s] GC(3) Eden regions: 37->0(62)
[2020-04-23T10:58:54.100+0800][5.487s] GC(3) Survivor regions: 12->7(7)
[2020-04-23T10:58:54.100+0800][5.487s] GC(3) Old regions: 0->13
[2020-04-23T10:58:54.100+0800][5.487s] GC(3) Humongous regions: 4->4
[2020-04-23T10:58:54.100+0800][5.487s] GC(3) Metaspace: 24275K->24275K(1071104K)
[2020-04-23T10:58:54.100+0800][5.488s] GC(3) Pause Young (Normal) (G1 Evacuation Pause) 52M->23M(512M) 12.990ms
[2020-04-23T10:58:54.100+0800][5.488s] GC(3) User=0.16s Sys=0.00s Real=0.01s
[2020-04-23T10:58:56.035+0800][7.433s] GC(4) Pause Young (Normal) (G1 Evacuation Pause)
[2020-04-23T10:58:56.035+0800][7.433s] GC(4) Using 10 workers of 10 for evacuation
[2020-04-23T10:58:56.035+0800][7.437s] GC(4)   Pre Evacuate Collection Set: 0.0ms
[2020-04-23T10:58:56.050+0800][7.437s] GC(4)   Evacuate Collection Set: 2.9ms
[2020-04-23T10:58:56.050+0800][7.437s] GC(4)   Post Evacuate Collection Set: 0.6ms
[2020-04-23T10:58:56.050+0800][7.437s] GC(4)   Other: 0.4ms
[2020-04-23T10:58:56.050+0800][7.437s] GC(4) Eden regions: 62->0(105)
[2020-04-23T10:58:56.050+0800][7.438s] GC(4) Survivor regions: 7->2(9)
[2020-04-23T10:58:56.050+0800][7.438s] GC(4) Old regions: 13->20
[2020-04-23T10:58:56.050+0800][7.438s] GC(4) Humongous regions: 4->4
[2020-04-23T10:58:56.050+0800][7.438s] GC(4) Metaspace: 31766K->31766K(1079296K)
[2020-04-23T10:58:56.050+0800][7.438s] GC(4) Pause Young (Normal) (G1 Evacuation Pause) 85M->24M(512M) 4.543ms
[2020-04-23T10:58:56.050+0800][7.438s] GC(4) User=0.02s Sys=0.00s Real=0.01s
[2020-04-23T10:58:56.638+0800][8.035s] GC(5) Pause Young (Concurrent Start) (Metadata GC Threshold)
[2020-04-23T10:58:56.638+0800][8.035s] GC(5) Using 10 workers of 10 for evacuation
[2020-04-23T10:58:56.654+0800][8.041s] GC(5)   Pre Evacuate Collection Set: 0.1ms
[2020-04-23T10:58:56.654+0800][8.041s] GC(5)   Evacuate Collection Set: 4.7ms
[2020-04-23T10:58:56.654+0800][8.041s] GC(5)   Post Evacuate Collection Set: 0.6ms
[2020-04-23T10:58:56.654+0800][8.041s] GC(5)   Other: 0.4ms
[2020-04-23T10:58:56.654+0800][8.041s] GC(5) Eden regions: 14->0(113)
[2020-04-23T10:58:56.654+0800][8.041s] GC(5) Survivor regions: 2->2(14)
[2020-04-23T10:58:56.654+0800][8.041s] GC(5) Old regions: 20->20
[2020-04-23T10:58:56.654+0800][8.041s] GC(5) Humongous regions: 4->4
[2020-04-23T10:58:56.654+0800][8.041s] GC(5) Metaspace: 35278K->35278K(1081344K)
[2020-04-23T10:58:56.654+0800][8.041s] GC(5) Pause Young (Concurrent Start) (Metadata GC Threshold) 38M->25M(512M) 6.314ms
[2020-04-23T10:58:56.654+0800][8.041s] GC(5) User=0.03s Sys=0.03s Real=0.02s
[2020-04-23T10:58:56.655+0800][8.041s] GC(6) Concurrent Cycle
[2020-04-23T10:58:56.655+0800][8.042s] GC(6) Concurrent Clear Claimed Marks
[2020-04-23T10:58:56.655+0800][8.042s] GC(6) Concurrent Clear Claimed Marks 0.072ms
[2020-04-23T10:58:56.655+0800][8.042s] GC(6) Concurrent Scan Root Regions
[2020-04-23T10:58:56.657+0800][8.045s] GC(6) Concurrent Scan Root Regions 2.892ms
[2020-04-23T10:58:56.657+0800][8.045s] GC(6) Concurrent Mark (8.045s)
[2020-04-23T10:58:56.657+0800][8.045s] GC(6) Concurrent Mark From Roots
[2020-04-23T10:58:56.657+0800][8.045s] GC(6) Using 3 workers of 3 for marking
[2020-04-23T10:58:56.691+0800][8.080s] GC(6) Concurrent Mark From Roots 35.259ms
[2020-04-23T10:58:56.691+0800][8.080s] GC(6) Concurrent Preclean
[2020-04-23T10:58:56.691+0800][8.081s] GC(6) Concurrent Preclean 0.627ms
[2020-04-23T10:58:56.691+0800][8.081s] GC(6) Concurrent Mark (8.045s, 8.081s) 36.128ms
[2020-04-23T10:58:56.691+0800][8.083s] GC(6) Pause Remark
[2020-04-23T10:58:56.698+0800][8.086s] GC(6) Cleaned string and symbol table, strings: 16629 processed, 24 removed, symbols: 115693 processed, 54 removed
[2020-04-23T10:58:56.698+0800][8.086s] GC(6) Pause Remark 26M->26M(512M) 3.558ms
[2020-04-23T10:58:56.698+0800][8.086s] GC(6) User=0.00s Sys=0.00s Real=0.01s
[2020-04-23T10:58:56.698+0800][8.087s] GC(6) Concurrent Rebuild Remembered Sets
[2020-04-23T10:58:56.713+0800][8.101s] GC(6) Concurrent Rebuild Remembered Sets 14.132ms
[2020-04-23T10:58:56.713+0800][8.101s] GC(6) Pause Cleanup
[2020-04-23T10:58:56.713+0800][8.101s] GC(6) Pause Cleanup 26M->26M(512M) 0.306ms
[2020-04-23T10:58:56.713+0800][8.101s] GC(6) User=0.00s Sys=0.00s Real=0.00s
[2020-04-23T10:58:56.713+0800][8.102s] GC(6) Concurrent Cleanup for Next Mark
[2020-04-23T10:58:56.713+0800][8.102s] GC(6) Concurrent Cleanup for Next Mark 0.679ms
[2020-04-23T10:58:56.713+0800][8.102s] GC(6) Concurrent Cycle 60.933ms
[2020-04-23T10:59:03.840+0800][15.231s] GC(7) Pause Young (Concurrent Start) (G1 Evacuation Pause)
[2020-04-23T10:59:03.840+0800][15.231s] GC(7) Using 10 workers of 10 for evacuation
[2020-04-23T10:59:03.847+0800][15.248s] GC(7)   Pre Evacuate Collection Set: 0.1ms
[2020-04-23T10:59:03.847+0800][15.248s] GC(7)   Evacuate Collection Set: 15.4ms
[2020-04-23T10:59:03.847+0800][15.248s] GC(7)   Post Evacuate Collection Set: 1.0ms
[2020-04-23T10:59:03.847+0800][15.248s] GC(7)   Other: 0.5ms
[2020-04-23T10:59:03.847+0800][15.248s] GC(7) Eden regions: 113->0(169)
[2020-04-23T10:59:03.847+0800][15.248s] GC(7) Survivor regions: 2->11(15)
[2020-04-23T10:59:03.847+0800][15.248s] GC(7) Old regions: 20->20
[2020-04-23T10:59:03.847+0800][15.248s] GC(7) Humongous regions: 6->5
[2020-04-23T10:59:03.847+0800][15.248s] GC(7) Metaspace: 42491K->42491K(1087488K)
[2020-04-23T10:59:03.847+0800][15.248s] GC(7) Pause Young (Concurrent Start) (G1 Evacuation Pause) 140M->34M(512M) 17.604ms
[2020-04-23T10:59:03.847+0800][15.249s] GC(7) User=0.09s Sys=0.00s Real=0.01s
[2020-04-23T10:59:03.847+0800][15.249s] GC(8) Concurrent Cycle
[2020-04-23T10:59:03.847+0800][15.249s] GC(8) Concurrent Clear Claimed Marks
[2020-04-23T10:59:03.847+0800][15.249s] GC(8) Concurrent Clear Claimed Marks 0.111ms
[2020-04-23T10:59:03.847+0800][15.249s] GC(8) Concurrent Scan Root Regions
[2020-04-23T10:59:03.865+0800][15.254s] GC(8) Concurrent Scan Root Regions 4.853ms
[2020-04-23T10:59:03.865+0800][15.254s] GC(8) Concurrent Mark (15.254s)
[2020-04-23T10:59:03.865+0800][15.254s] GC(8) Concurrent Mark From Roots
[2020-04-23T10:59:03.865+0800][15.254s] GC(8) Using 3 workers of 3 for marking
[2020-04-23T10:59:03.895+0800][15.283s] GC(8) Concurrent Mark From Roots 28.681ms
[2020-04-23T10:59:03.895+0800][15.283s] GC(8) Concurrent Preclean
[2020-04-23T10:59:03.895+0800][15.283s] GC(8) Concurrent Preclean 0.396ms
[2020-04-23T10:59:03.895+0800][15.283s] GC(8) Concurrent Mark (15.254s, 15.283s) 29.285ms
[2020-04-23T10:59:03.896+0800][15.284s] GC(8) Pause Remark
[2020-04-23T10:59:03.899+0800][15.286s] GC(8) Cleaned string and symbol table, strings: 19904 processed, 0 removed, symbols: 136484 processed, 44 removed
[2020-04-23T10:59:03.899+0800][15.286s] GC(8) Pause Remark 39M->39M(512M) 2.871ms
[2020-04-23T10:59:03.899+0800][15.287s] GC(8) User=0.00s Sys=0.00s Real=0.00s
[2020-04-23T10:59:03.899+0800][15.287s] GC(8) Concurrent Rebuild Remembered Sets
[2020-04-23T10:59:03.913+0800][15.301s] GC(8) Concurrent Rebuild Remembered Sets 13.965ms
[2020-04-23T10:59:03.914+0800][15.302s] GC(8) Pause Cleanup
[2020-04-23T10:59:03.914+0800][15.302s] GC(8) Pause Cleanup 39M->39M(512M) 0.206ms
[2020-04-23T10:59:03.914+0800][15.302s] GC(8) User=0.00s Sys=0.00s Real=0.00s
[2020-04-23T10:59:03.914+0800][15.302s] GC(8) Concurrent Cleanup for Next Mark
[2020-04-23T10:59:03.915+0800][15.302s] GC(8) Concurrent Cleanup for Next Mark 0.488ms
[2020-04-23T10:59:03.915+0800][15.302s] GC(8) Concurrent Cycle 53.761ms
[2020-04-23T10:59:05.106+0800][16.499s] GC(9) Pause Young (Normal) (G1 Evacuation Pause)
[2020-04-23T10:59:05.112+0800][16.499s] GC(9) Using 10 workers of 10 for evacuation
[2020-04-23T10:59:05.115+0800][16.508s] GC(9)   Pre Evacuate Collection Set: 0.0ms
[2020-04-23T10:59:05.115+0800][16.508s] GC(9)   Evacuate Collection Set: 7.7ms
[2020-04-23T10:59:05.115+0800][16.508s] GC(9)   Post Evacuate Collection Set: 0.8ms
[2020-04-23T10:59:05.115+0800][16.508s] GC(9)   Other: 0.5ms
[2020-04-23T10:59:05.115+0800][16.509s] GC(9) Eden regions: 175->0(294)
[2020-04-23T10:59:05.115+0800][16.509s] GC(9) Survivor regions: 11->13(24)
[2020-04-23T10:59:05.115+0800][16.509s] GC(9) Old regions: 20->20
[2020-04-23T10:59:05.115+0800][16.509s] GC(9) Humongous regions: 5->5
[2020-04-23T10:59:05.115+0800][16.509s] GC(9) Metaspace: 46726K->46726K(1091584K)
[2020-04-23T10:59:05.115+0800][16.509s] GC(9) Pause Young (Normal) (G1 Evacuation Pause) 209M->36M(512M) 9.683ms
[2020-04-23T10:59:05.115+0800][16.509s] GC(9) User=0.05s Sys=0.02s Real=0.01s
[2020-04-23T11:25:46.397+0800][1617.784s] GC(10) Pause Young (Normal) (G1 Evacuation Pause)
[2020-04-23T11:25:46.397+0800][1617.784s] GC(10) Using 10 workers of 10 for evacuation
[2020-04-23T11:25:46.408+0800][1617.798s] GC(10)   Pre Evacuate Collection Set: 0.0ms
[2020-04-23T11:25:46.408+0800][1617.798s] GC(10)   Evacuate Collection Set: 11.7ms
[2020-04-23T11:25:46.408+0800][1617.798s] GC(10)   Post Evacuate Collection Set: 1.3ms
[2020-04-23T11:25:46.408+0800][1617.798s] GC(10)   Other: 0.5ms
[2020-04-23T11:25:46.408+0800][1617.798s] GC(10) Eden regions: 294->0(289)
[2020-04-23T11:25:46.408+0800][1617.798s] GC(10) Survivor regions: 13->18(39)
[2020-04-23T11:25:46.408+0800][1617.798s] GC(10) Old regions: 20->20
[2020-04-23T11:25:46.408+0800][1617.798s] GC(10) Humongous regions: 12->9
[2020-04-23T11:25:46.408+0800][1617.798s] GC(10) Metaspace: 56694K->56694K(1099776K)
[2020-04-23T11:25:46.408+0800][1617.798s] GC(10) Pause Young (Normal) (G1 Evacuation Pause) 337M->45M(512M) 13.952ms
[2020-04-23T11:25:46.408+0800][1617.798s] GC(10) User=0.16s Sys=0.00s Real=0.01s
[2020-04-23T11:38:21.312+0800][2372.700s] GC(11) Pause Young (Normal) (G1 Evacuation Pause)
[2020-04-23T11:38:21.312+0800][2372.701s] GC(11) Using 10 workers of 10 for evacuation
[2020-04-23T11:38:21.326+0800][2372.713s] GC(11)   Pre Evacuate Collection Set: 0.0ms
[2020-04-23T11:38:21.326+0800][2372.714s] GC(11)   Evacuate Collection Set: 11.3ms
[2020-04-23T11:38:21.326+0800][2372.714s] GC(11)   Post Evacuate Collection Set: 1.3ms
[2020-04-23T11:38:21.326+0800][2372.714s] GC(11)   Other: 0.5ms
[2020-04-23T11:38:21.326+0800][2372.714s] GC(11) Eden regions: 289->0(289)
[2020-04-23T11:38:21.326+0800][2372.714s] GC(11) Survivor regions: 18->18(39)
[2020-04-23T11:38:21.326+0800][2372.714s] GC(11) Old regions: 20->20
[2020-04-23T11:38:21.326+0800][2372.714s] GC(11) Humongous regions: 9->9
[2020-04-23T11:38:21.326+0800][2372.714s] GC(11) Metaspace: 56814K->56814K(1099776K)
[2020-04-23T11:38:21.327+0800][2372.714s] GC(11) Pause Young (Normal) (G1 Evacuation Pause) 334M->46M(512M) 13.742ms
[2020-04-23T11:38:21.327+0800][2372.714s] GC(11) User=0.02s Sys=0.00s Real=0.01s
[2020-04-23T11:43:06.979+0800][2658.366s] GC(12) Pause Young (Normal) (G1 Evacuation Pause)
[2020-04-23T11:43:06.979+0800][2658.366s] GC(12) Using 10 workers of 10 for evacuation
[2020-04-23T11:43:06.987+0800][2658.375s] GC(12)   Pre Evacuate Collection Set: 0.0ms
[2020-04-23T11:43:06.987+0800][2658.375s] GC(12)   Evacuate Collection Set: 7.3ms
[2020-04-23T11:43:06.987+0800][2658.375s] GC(12)   Post Evacuate Collection Set: 1.0ms
[2020-04-23T11:43:06.987+0800][2658.375s] GC(12)   Other: 0.3ms
[2020-04-23T11:43:06.987+0800][2658.375s] GC(12) Eden regions: 289->0(289)
[2020-04-23T11:43:06.987+0800][2658.375s] GC(12) Survivor regions: 18->18(39)
[2020-04-23T11:43:06.987+0800][2658.375s] GC(12) Old regions: 20->20
[2020-04-23T11:43:06.988+0800][2658.375s] GC(12) Humongous regions: 9->9
[2020-04-23T11:43:06.988+0800][2658.375s] GC(12) Metaspace: 56834K->56834K(1099776K)
[2020-04-23T11:43:06.988+0800][2658.375s] GC(12) Pause Young (Normal) (G1 Evacuation Pause) 335M->46M(512M) 9.048ms
[2020-04-23T11:43:06.988+0800][2658.375s] GC(12) User=0.14s Sys=0.02s Real=0.01s
[2020-04-23T12:14:33.212+0800][4544.600s] GC(13) Pause Young (Normal) (G1 Evacuation Pause)
[2020-04-23T12:14:33.212+0800][4544.600s] GC(13) Using 10 workers of 10 for evacuation
[2020-04-23T12:14:33.219+0800][4544.618s] GC(13)   Pre Evacuate Collection Set: 0.1ms
[2020-04-23T12:14:33.219+0800][4544.619s] GC(13)   Evacuate Collection Set: 15.3ms
[2020-04-23T12:14:33.219+0800][4544.619s] GC(13)   Post Evacuate Collection Set: 2.3ms
[2020-04-23T12:14:33.219+0800][4544.619s] GC(13)   Other: 0.6ms
[2020-04-23T12:14:33.219+0800][4544.619s] GC(13) Eden regions: 289->0(286)
[2020-04-23T12:14:33.219+0800][4544.619s] GC(13) Survivor regions: 18->21(39)
[2020-04-23T12:14:33.219+0800][4544.619s] GC(13) Old regions: 20->20
[2020-04-23T12:14:33.219+0800][4544.619s] GC(13) Humongous regions: 9->9
[2020-04-23T12:14:33.219+0800][4544.619s] GC(13) Metaspace: 57010K->57010K(1101824K)
[2020-04-23T12:14:33.232+0800][4544.619s] GC(13) Pause Young (Normal) (G1 Evacuation Pause) 335M->49M(512M) 18.901ms
[2020-04-23T12:14:33.232+0800][4544.619s] GC(13) User=0.16s Sys=0.00s Real=0.02s
[2020-04-23T12:32:42.574+0800][5633.964s] GC(14) Pause Young (Normal) (G1 Evacuation Pause)
[2020-04-23T12:32:42.574+0800][5633.964s] GC(14) Using 10 workers of 10 for evacuation
[2020-04-23T12:32:42.588+0800][5633.980s] GC(14)   Pre Evacuate Collection Set: 0.1ms
[2020-04-23T12:32:42.588+0800][5633.980s] GC(14)   Evacuate Collection Set: 13.8ms
[2020-04-23T12:32:42.588+0800][5633.980s] GC(14)   Post Evacuate Collection Set: 1.5ms
[2020-04-23T12:32:42.588+0800][5633.980s] GC(14)   Other: 0.5ms
[2020-04-23T12:32:42.588+0800][5633.980s] GC(14) Eden regions: 286->0(286)
[2020-04-23T12:32:42.588+0800][5633.980s] GC(14) Survivor regions: 21->21(39)
[2020-04-23T12:32:42.588+0800][5633.980s] GC(14) Old regions: 20->20
[2020-04-23T12:32:42.588+0800][5633.980s] GC(14) Humongous regions: 9->9
[2020-04-23T12:32:42.588+0800][5633.980s] GC(14) Metaspace: 57063K->57063K(1101824K)
[2020-04-23T12:32:42.588+0800][5633.980s] GC(14) Pause Young (Normal) (G1 Evacuation Pause) 335M->49M(512M) 16.438ms
[2020-04-23T12:32:42.588+0800][5633.981s] GC(14) User=0.13s Sys=0.02s Real=0.01s
